{
  "analysis_euler_stages_by_contract": 360,
  "analysis_objective": 0.9323736303384679,
  "archive_before": {
    "control_sha256": "adc5bfd01e98e32b09ccc963f096a6f6a3c7307d600a0ba20f8ddc8dcad3721e",
    "parameters_sha256": "8871db49c227c03f9c155c3250da5acc9c30de3be18334921c464010cd4ad6ed",
    "problem": {
      "fixed_problem_sha256": "16fa95b534c3b61cf5d1506770cbfc77edb527c40d1f4c536f5130cba24e1fc3",
      "scope": "fixed point-observation identity; caller also binds code, control, parameters and branch"
    },
    "terminal_truth_sha256": "b927c1a39d16f05285cccb7a9ff48d182eea539bfba746f7aff446aee0974610"
  },
  "archive_input_sha256": "00665e879d0e370e15f2bf3ef253a2267eb59335c2f51036289ff22632808744",
  "archive_unchanged": true,
  "branch": {
    "choice_stage_count": 3600,
    "euler_stages": 3600,
    "face_sign_stage_count": 3600,
    "scope": "fixed off-grid dBZ points, declared valid-row errors, known state/boundary; pointwise branch only",
    "signature_sha256": "80a1fac22b536bfedcedfda506e11d85f4b9f2a73c5610c73fa8dfdb210dfe51",
    "status": "passed_strict_branch"
  },
  "branch_margins": {
    "absolute_face_flux_over_global_maximum": {
      "absolute_minimum": 0.0008000000000000229,
      "global_maximum_absolute_flux": 0.1592000000000001,
      "index": [
        3,
        1
      ],
      "orientation": "y",
      "stage_context": {
        "forecast_lead_index": null,
        "interval_end_seconds": 600,
        "interval_index": 0,
        "interval_start_seconds": 0,
        "phase": "analysis_replay",
        "ssprk_euler_stage_index": 0,
        "substep_index": 0
      },
      "stage_index": 0,
      "value": 0.005025125628140845
    },
    "complete": true,
    "expected_stage_count": 3600,
    "flux_global_maximum_absolute": 0.1592000000000001,
    "nonfinite": false,
    "normalized_minima": {
      "x_active_limiter_gap_over_q_scale": {
        "stage_context": {
          "forecast_lead_index": 4,
          "interval_end_seconds": 3600,
          "interval_index": 3,
          "interval_start_seconds": 3000,
          "phase": "future_forecast",
          "ssprk_euler_stage_index": 0,
          "substep_index": 53
        },
        "stage_index": 1006,
        "value": 9.968176299306184e-08
      },
      "x_left_slope_over_q_scale": {
        "stage_context": {
          "forecast_lead_index": null,
          "interval_end_seconds": 600,
          "interval_index": 0,
          "interval_start_seconds": 0,
          "phase": "analysis_replay",
          "ssprk_euler_stage_index": 1,
          "substep_index": 67
        },
        "stage_index": 135,
        "value": 0.0155811952114017
      },
      "x_right_slope_over_q_scale": {
        "stage_context": {
          "forecast_lead_index": 2,
          "interval_end_seconds": 2400,
          "interval_index": 1,
          "interval_start_seconds": 1800,
          "phase": "future_forecast",
          "ssprk_euler_stage_index": 1,
          "substep_index": 76
        },
        "stage_index": 693,
        "value": 0.01871691576701946
      },
      "y_active_limiter_gap_over_q_scale": {
        "stage_context": {
          "forecast_lead_index": 2,
          "interval_end_seconds": 2400,
          "interval_index": 1,
          "interval_start_seconds": 1800,
          "phase": "future_forecast",
          "ssprk_euler_stage_index": 0,
          "substep_index": 27
        },
        "stage_index": 594,
        "value": 8.928182994641934e-07
      },
      "y_left_slope_over_q_scale": {
        "stage_context": {
          "forecast_lead_index": null,
          "interval_end_seconds": 600,
          "interval_index": 0,
          "interval_start_seconds": 0,
          "phase": "analysis_replay",
          "ssprk_euler_stage_index": 1,
          "substep_index": 51
        },
        "stage_index": 103,
        "value": 0.025031291728592617
      },
      "y_right_slope_over_q_scale": {
        "stage_context": {
          "forecast_lead_index": 7,
          "interval_end_seconds": 5400,
          "interval_index": 6,
          "interval_start_seconds": 4800,
          "phase": "future_forecast",
          "ssprk_euler_stage_index": 1,
          "substep_index": 29
        },
        "stage_index": 1499,
        "value": 2.7012350545578156e-06
      }
    },
    "observed_stage_count": 3600
  },
  "branch_status": "passed_strict_branch",
  "candidate": {
    "changed_control_index": 21,
    "changed_control_indices": [
      21
    ],
    "control_sha256": "97ce3a636b25d79ca0aab208035e4299f9f4ad26ea00d557531e7a9eded2080b",
    "flow_fraction": -0.59,
    "parameters_sha256": "8871db49c227c03f9c155c3250da5acc9c30de3be18334921c464010cd4ad6ed",
    "terminal_truth_sha256": "b927c1a39d16f05285cccb7a9ff48d182eea539bfba746f7aff446aee0974610"
  },
  "child_elapsed_seconds": 115.80635512503795,
  "child_phase_seconds": {
    "analysis_objective_and_gradient": 1.5193768750177696,
    "full_forecast_and_strict_branch": 4.855442457948811,
    "linear_preflight": 106.64498270896729,
    "source_and_fixture": 2.782352957990952
  },
  "environment": {
    "device": "CPU FP64",
    "python": "3.12.13",
    "torch": "2.13.0"
  },
  "execution_phase": "finished",
  "execution_status": "completed",
  "gradient_norms": {
    "all_inf": 2.254729681485403,
    "all_l2": 2.8413349557214844,
    "dynamics_inf": 2.254729681485403,
    "dynamics_l2": 2.614765018409301,
    "field_inf": 0.5736240663395087,
    "field_l2": 1.111840019565684
  },
  "hvp_calls": 15,
  "input_after": {
    "archived_input": {
      "control_sha256": "adc5bfd01e98e32b09ccc963f096a6f6a3c7307d600a0ba20f8ddc8dcad3721e",
      "parameters_sha256": "8871db49c227c03f9c155c3250da5acc9c30de3be18334921c464010cd4ad6ed",
      "problem": {
        "fixed_problem_sha256": "16fa95b534c3b61cf5d1506770cbfc77edb527c40d1f4c536f5130cba24e1fc3",
        "scope": "fixed point-observation identity; caller also binds code, control, parameters and branch"
      },
      "terminal_truth_sha256": "b927c1a39d16f05285cccb7a9ff48d182eea539bfba746f7aff446aee0974610"
    },
    "changed_control_index": 21,
    "changed_control_indices": [
      21
    ],
    "control_sha256": "97ce3a636b25d79ca0aab208035e4299f9f4ad26ea00d557531e7a9eded2080b",
    "original_flow_fractions": [
      0.7,
      -0.6,
      0.5,
      0.4,
      -0.30000000000000004
    ],
    "parameters_sha256": "8871db49c227c03f9c155c3250da5acc9c30de3be18334921c464010cd4ad6ed",
    "shifted_flow_fractions": [
      0.7,
      -0.59,
      0.5,
      0.4,
      -0.30000000000000004
    ],
    "terminal_truth_sha256": "b927c1a39d16f05285cccb7a9ff48d182eea539bfba746f7aff446aee0974610"
  },
  "input_before": {
    "archived_input": {
      "control_sha256": "adc5bfd01e98e32b09ccc963f096a6f6a3c7307d600a0ba20f8ddc8dcad3721e",
      "parameters_sha256": "8871db49c227c03f9c155c3250da5acc9c30de3be18334921c464010cd4ad6ed",
      "problem": {
        "fixed_problem_sha256": "16fa95b534c3b61cf5d1506770cbfc77edb527c40d1f4c536f5130cba24e1fc3",
        "scope": "fixed point-observation identity; caller also binds code, control, parameters and branch"
      },
      "terminal_truth_sha256": "b927c1a39d16f05285cccb7a9ff48d182eea539bfba746f7aff446aee0974610"
    },
    "changed_control_index": 21,
    "changed_control_indices": [
      21
    ],
    "control_sha256": "97ce3a636b25d79ca0aab208035e4299f9f4ad26ea00d557531e7a9eded2080b",
    "original_flow_fractions": [
      0.7,
      -0.6,
      0.5,
      0.4,
      -0.30000000000000004
    ],
    "parameters_sha256": "8871db49c227c03f9c155c3250da5acc9c30de3be18334921c464010cd4ad6ed",
    "shifted_flow_fractions": [
      0.7,
      -0.59,
      0.5,
      0.4,
      -0.30000000000000004
    ],
    "terminal_truth_sha256": "b927c1a39d16f05285cccb7a9ff48d182eea539bfba746f7aff446aee0974610"
  },
  "input_unchanged": true,
  "layout": {
    "controls": 26,
    "euler_stages": 3600,
    "forecast_time_seconds": 12000.0,
    "observation_shape": [
      3,
      4
    ],
    "observation_times_seconds": [
      0.0,
      600.0,
      1200.0
    ],
    "parameters": 13,
    "state_shape": [
      4,
      5
    ],
    "theta_index": 12
  },
  "linear": {
    "curvature_certificate": "not_proved_by_pcg",
    "hvp_calls": 15,
    "iterations": 0,
    "max_iterations": 104,
    "pcg_converged": null,
    "pcg_reported_relative_residual": null,
    "preconditioner": "none",
    "refusal": "operator must be symmetric positive definite",
    "rtol": 1e-10,
    "status": "pcg_refused_non_spd",
    "true_relative_residual": null
  },
  "linear_status": "pcg_refused_non_spd",
  "numerical_status": "pcg_refused_non_spd",
  "physical_validation": "not_performed",
  "pid": 88028,
  "plan_sha256": "7f801b06d5772d0cb4a7a757f7c856c9c6d2cceddaf067adaa2666f87ea64d1f",
  "plan_unchanged": true,
  "response_computed": false,
  "response_validation": "not_performed",
  "rss_limit_bytes": 1073741824,
  "shifted_plan_sha256": "3fa9bc123e9aedddfb027abd373960e71db0b7b7693bb83a3877bbc35d8db6f6",
  "shifted_plan_unchanged": true,
  "source_after": {
    "examples/weather_scenarios/fv86_resource_runner.py": "6242598d8b11a74ed44fcd419d83fd14cfcd637f34ee4746e1f5432554aeeb6d",
    "examples/weather_scenarios/fv_long_horizon_case.py": "22feb5c49495b26c78caa826e73f34a9abb21a4dbf71cfa5e34fbaae884cbc85",
    "examples/weather_scenarios/fv_minmod_inverse_probe.py": "38c0590b0a8028ae01c203782976e08ed29df0f9c54bf784bd964f5abd6fbd6f",
    "examples/weather_scenarios/fv_point_3h_first_branch_probe.py": "c82f1407c0a93160ff87ae5d5efcb785ad8dae2a73e7bac6a7c2a5c55e728d3e",
    "examples/weather_scenarios/fv_point_3h_forward_case.py": "a23bab3d10bde9ca08661979df9e2c94a0de7bde6c7c732b5ed2b9ec769f61ec",
    "examples/weather_scenarios/fv_point_3h_forward_probe.py": "8ab664ebcb42d6c74d1b056a751df57941816ca1804538f9afd954b26f95ca75",
    "examples/weather_scenarios/fv_point_3h_forward_runner.py": "bf50195f2ff7d7ba7550e54ebb3473f0d501cde2663dd8d4f0e5281db97570af",
    "examples/weather_scenarios/fv_point_3h_seed_linear_probe.py": "65e73c10ec1be38e620888625ee4340e8b330050cb940eba15e34830e20c2731",
    "examples/weather_scenarios/fv_point_3h_shifted_branch_probe.py": "fd4f36c5802a1ad0a2e40bb8a4a8e2fac2dd0d6aa0c6418922c87c9149e10c11",
    "examples/weather_scenarios/fv_point_research_case.py": "358dd1bb46f7cf2ebb0fcf7bb33d4735b66419412d97d0b7847e7eab236f5f2e",
    "examples/weather_scenarios/fv_point_response_preflight.py": "6929668a5d2c95a64499ab598a0f045d66e47a80cf7a997513f448fff8ba3ccf",
    "examples/weather_scenarios/fv_point_response_preflight_runner.py": "7e25520af78418323a28dd3aec152040829bba597ab2902c4a80413c1088aab8",
    "examples/weather_scenarios/fv_sensitivity_probe.py": "919c6d94717fd96dd68d2f63d73b4c15d5e96e5d3d65efccf4deecdc7dce2b4f",
    "src/advar/fv_point_research_problem.py": "ffdb27fd40aa6943ab4c04860695303e4270291377a7b86535c06416704eec19",
    "src/advar/fv_point_sampler.py": "e3116a9250a5890521d66502aacd69c6ea32cc348fb961e6ffb88cf97750d3af",
    "src/advar/fv_research_problem.py": "487a429dadd1179db9d4e27a2523bf64e81fffe90c955ef46ea392aae313c3af",
    "src/advar/local_refinement.py": "47366f828777b6fc322386b6dda8209916310ec2d06590767c1a9512ac344321",
    "src/advar/local_response.py": "ed4ab262907da26bfdf6201997083125c1430ebccce9afa70982417d77a060f4",
    "src/advar/matrix_free.py": "d30f6d888a5ec2c693b6787930a29d604c5da58a7030114957a1e8bb3e7e788d",
    "src/advar/nowcast.py": "391612bb8714c33d82f426f2225cf8869b2cb45679d362f95f2a2fb7191da63b",
    "src/advar/physics.py": "00b49438c2099ce514ef24a54b89eb21565315150b47e9c880513187c44bbed3",
    "src/advar/transport.py": "604709c561700def1f78b1eaac0beeb304d0b82554ea20bb16f8bb4fb44ae6bf",
    "src/advar/variational.py": "e871557463090abf185f6f29ef73c3813cf503497cac25d10a4f500f31f1824a"
  },
  "source_before": {
    "examples/weather_scenarios/fv86_resource_runner.py": "6242598d8b11a74ed44fcd419d83fd14cfcd637f34ee4746e1f5432554aeeb6d",
    "examples/weather_scenarios/fv_long_horizon_case.py": "22feb5c49495b26c78caa826e73f34a9abb21a4dbf71cfa5e34fbaae884cbc85",
    "examples/weather_scenarios/fv_minmod_inverse_probe.py": "38c0590b0a8028ae01c203782976e08ed29df0f9c54bf784bd964f5abd6fbd6f",
    "examples/weather_scenarios/fv_point_3h_first_branch_probe.py": "c82f1407c0a93160ff87ae5d5efcb785ad8dae2a73e7bac6a7c2a5c55e728d3e",
    "examples/weather_scenarios/fv_point_3h_forward_case.py": "a23bab3d10bde9ca08661979df9e2c94a0de7bde6c7c732b5ed2b9ec769f61ec",
    "examples/weather_scenarios/fv_point_3h_forward_probe.py": "8ab664ebcb42d6c74d1b056a751df57941816ca1804538f9afd954b26f95ca75",
    "examples/weather_scenarios/fv_point_3h_forward_runner.py": "bf50195f2ff7d7ba7550e54ebb3473f0d501cde2663dd8d4f0e5281db97570af",
    "examples/weather_scenarios/fv_point_3h_seed_linear_probe.py": "65e73c10ec1be38e620888625ee4340e8b330050cb940eba15e34830e20c2731",
    "examples/weather_scenarios/fv_point_3h_shifted_branch_probe.py": "fd4f36c5802a1ad0a2e40bb8a4a8e2fac2dd0d6aa0c6418922c87c9149e10c11",
    "examples/weather_scenarios/fv_point_research_case.py": "358dd1bb46f7cf2ebb0fcf7bb33d4735b66419412d97d0b7847e7eab236f5f2e",
    "examples/weather_scenarios/fv_point_response_preflight.py": "6929668a5d2c95a64499ab598a0f045d66e47a80cf7a997513f448fff8ba3ccf",
    "examples/weather_scenarios/fv_point_response_preflight_runner.py": "7e25520af78418323a28dd3aec152040829bba597ab2902c4a80413c1088aab8",
    "examples/weather_scenarios/fv_sensitivity_probe.py": "919c6d94717fd96dd68d2f63d73b4c15d5e96e5d3d65efccf4deecdc7dce2b4f",
    "src/advar/fv_point_research_problem.py": "ffdb27fd40aa6943ab4c04860695303e4270291377a7b86535c06416704eec19",
    "src/advar/fv_point_sampler.py": "e3116a9250a5890521d66502aacd69c6ea32cc348fb961e6ffb88cf97750d3af",
    "src/advar/fv_research_problem.py": "487a429dadd1179db9d4e27a2523bf64e81fffe90c955ef46ea392aae313c3af",
    "src/advar/local_refinement.py": "47366f828777b6fc322386b6dda8209916310ec2d06590767c1a9512ac344321",
    "src/advar/local_response.py": "ed4ab262907da26bfdf6201997083125c1430ebccce9afa70982417d77a060f4",
    "src/advar/matrix_free.py": "d30f6d888a5ec2c693b6787930a29d604c5da58a7030114957a1e8bb3e7e788d",
    "src/advar/nowcast.py": "391612bb8714c33d82f426f2225cf8869b2cb45679d362f95f2a2fb7191da63b",
    "src/advar/physics.py": "00b49438c2099ce514ef24a54b89eb21565315150b47e9c880513187c44bbed3",
    "src/advar/transport.py": "604709c561700def1f78b1eaac0beeb304d0b82554ea20bb16f8bb4fb44ae6bf",
    "src/advar/variational.py": "e871557463090abf185f6f29ef73c3813cf503497cac25d10a4f500f31f1824a"
  },
  "source_unchanged": true,
  "stationarity_status": "not_stationary",
  "termination_reap_grace_seconds": 2,
  "wall_limit_seconds": 600
}
