{
  "accepted_candidate": {
    "alpha": 7.8125e-05,
    "branch_changed": true,
    "branch_signature_sha256": "18a36b01bc9a8b7c21ea1970f79f8bd379a52ceb67b7fae72b2e79c1c5d0eed8",
    "control": [
      -7.953425234554745e-05,
      -7.828026600111355e-05,
      -2.9363323240194722e-05,
      -1.2356506982970811e-05,
      -4.501508398503202e-07,
      -0.00012450793703959212,
      -0.00019170713081259272,
      -0.00011872903267174893,
      -5.006002036662618e-05,
      -4.062055547733719e-06,
      -9.804019208511125e-05,
      -0.00014044235481701234,
      -7.121284980952252e-05,
      -3.616425981699191e-05,
      -4.9693514986290484e-06,
      -1.864626622441514e-05,
      -6.41479679352949e-06,
      -1.4447189501823282e-05,
      -1.6574427797884344e-05,
      -8.503655658735558e-07,
      0.867326293509169,
      -0.6777029296949388,
      0.549282235661462,
      0.42357110851738816,
      -0.30960885789176473,
      0.2724861452695904
    ],
    "control_sha256": "602b08828b92508dfaed3605f4626882a1cf70646730da1cb866416dd15cf0b9",
    "epoch": 1,
    "gradient_inf": 0.8719793800953134,
    "objective": 0.9314353874766477,
    "path_certified": false,
    "phi": 0.9522514198858343,
    "trial": 0
  },
  "accepted_epochs": [
    {
      "accepted": true,
      "accepted_trial": 0,
      "current": {
        "branch_signature_sha256": "2925e02c77e293436b8eccfeda1db44390bb4ca6f106f5a5b581818d9ab57dc5",
        "control_sha256": "baed75b17f6552cecf999be2a23db75725fef8d713a1dd360326ee82680159ba",
        "gradient_inf": 0.8727746789931015,
        "gradient_l2": 1.3967962752385188,
        "objective": 0.9314590521034872,
        "phi": 0.9755199172601001
      },
      "current_branch": {
        "choice_stage_count": 3600,
        "euler_stages": 3600,
        "face_sign_stage_count": 3600,
        "scope": "fixed off-grid dBZ points, declared valid-row errors, known state/boundary; pointwise branch only",
        "signature_sha256": "2925e02c77e293436b8eccfeda1db44390bb4ca6f106f5a5b581818d9ab57dc5",
        "status": "passed_strict_branch"
      },
      "current_branch_margins": {
        "absolute_face_flux_over_global_maximum": {
          "absolute_minimum": 0.0007679630698590456,
          "global_maximum_absolute_flux": 0.1593089824910881,
          "index": [
            3,
            1
          ],
          "orientation": "y",
          "stage_context": {
            "forecast_lead_index": null,
            "interval_end_seconds": 600,
            "interval_index": 0,
            "interval_start_seconds": 0,
            "phase": "analysis_replay",
            "ssprk_euler_stage_index": 0,
            "substep_index": 0
          },
          "stage_index": 0,
          "value": 0.004820588631290808
        },
        "complete": true,
        "expected_stage_count": 3600,
        "flux_global_maximum_absolute": 0.1593089824910881,
        "nonfinite": false,
        "normalized_minima": {
          "x_active_limiter_gap_over_q_scale": {
            "stage_context": {
              "forecast_lead_index": 1,
              "interval_end_seconds": 1800,
              "interval_index": 0,
              "interval_start_seconds": 1200,
              "phase": "future_forecast",
              "ssprk_euler_stage_index": 1,
              "substep_index": 45
            },
            "stage_index": 451,
            "value": 1.6824459398602114e-07
          },
          "x_left_slope_over_q_scale": {
            "stage_context": {
              "forecast_lead_index": null,
              "interval_end_seconds": 600,
              "interval_index": 0,
              "interval_start_seconds": 0,
              "phase": "analysis_replay",
              "ssprk_euler_stage_index": 1,
              "substep_index": 67
            },
            "stage_index": 135,
            "value": 0.015518316126111329
          },
          "x_right_slope_over_q_scale": {
            "stage_context": {
              "forecast_lead_index": 2,
              "interval_end_seconds": 2400,
              "interval_index": 1,
              "interval_start_seconds": 1800,
              "phase": "future_forecast",
              "ssprk_euler_stage_index": 1,
              "substep_index": 76
            },
            "stage_index": 693,
            "value": 0.01870046771104586
          },
          "y_active_limiter_gap_over_q_scale": {
            "stage_context": {
              "forecast_lead_index": null,
              "interval_end_seconds": 1200,
              "interval_index": 1,
              "interval_start_seconds": 600,
              "phase": "analysis_replay",
              "ssprk_euler_stage_index": 1,
              "substep_index": 21
            },
            "stage_index": 223,
            "value": 8.56156251804508e-07
          },
          "y_left_slope_over_q_scale": {
            "stage_context": {
              "forecast_lead_index": null,
              "interval_end_seconds": 600,
              "interval_index": 0,
              "interval_start_seconds": 0,
              "phase": "analysis_replay",
              "ssprk_euler_stage_index": 1,
              "substep_index": 51
            },
            "stage_index": 103,
            "value": 0.024946254575181577
          },
          "y_right_slope_over_q_scale": {
            "stage_context": {
              "forecast_lead_index": 7,
              "interval_end_seconds": 5400,
              "interval_index": 6,
              "interval_start_seconds": 4800,
              "phase": "future_forecast",
              "ssprk_euler_stage_index": 1,
              "substep_index": 13
            },
            "stage_index": 1467,
            "value": 1.454721359721134e-07
          }
        },
        "observed_stage_count": 3600
      },
      "direction": {
        "curvature_dot": 195.84298452007306,
        "curvature_threshold": 2.8243444703913087e-11,
        "direction_l2": 1.0,
        "direction_max_abs": 0.673211287489854,
        "direction_sha256": "21c8884cb44fba5c5bf116cad7b6a464b0568a09da1b174506725a4f38dd84ba",
        "gradient_l2": 1.3967962752385188,
        "hg_l2": 711.4336465159454,
        "slope_j": -0.2752793397938955,
        "slope_phi": -711.4336465159453,
        "status": "passed"
      },
      "epoch": 0,
      "transpose_consistency": {
        "difference_l2": 6.692971101538011e-13,
        "hg_l2": 711.4336465159454,
        "htg_l2": 711.4336465159455,
        "reason": null,
        "relative_difference": 9.407723593500298e-16,
        "status": "passed",
        "tolerance": 1e-08
      },
      "trials": [
        {
          "accepted": true,
          "alpha": 7.8125e-05,
          "branch": {
            "choice_stage_count": 3600,
            "euler_stages": 3600,
            "face_sign_stage_count": 3600,
            "scope": "fixed off-grid dBZ points, declared valid-row errors, known state/boundary; pointwise branch only",
            "signature_sha256": "01fa31dfa3b7127644215defb94e44487aead328d5ac5d2ee133ad88875b1748",
            "status": "passed_strict_branch"
          },
          "branch_changed": true,
          "branch_signature_sha256": "01fa31dfa3b7127644215defb94e44487aead328d5ac5d2ee133ad88875b1748",
          "branch_status": "passed_strict_branch",
          "control_sha256": "d389cc3f2dabc6172c166bd7cd4a65382c56fe6196919d13d721502ebe6548f5",
          "epoch": 0,
          "gate": {
            "accepted": true,
            "actual_decrease": true,
            "armijo_limits": {
              "j": 0.9314590499528674,
              "phi": 0.9755143591847367
            },
            "armijo_passed": null,
            "armijo_required": false,
            "branch_changed": true,
            "decrease_j": 1.1658596401620258e-05,
            "decrease_phi": 0.022212820411418477,
            "refusal_reasons": [],
            "roundoff_floors": {
              "j": 2.647365852520486e-14,
              "phi": 2.7725943631938325e-14
            }
          },
          "gradient_inf": 0.865280110188193,
          "gradient_l2": 1.3808020110419028,
          "objective": 0.9314473935070856,
          "objective_status": "finite",
          "path_certified": false,
          "phi": 0.9533070968486816,
          "trial": 0
        }
      ],
      "true_slope_j": -0.2752793397938955,
      "true_slope_phi": -711.4336465159454
    },
    {
      "accepted": true,
      "accepted_trial": 0,
      "current": {
        "branch_signature_sha256": "01fa31dfa3b7127644215defb94e44487aead328d5ac5d2ee133ad88875b1748",
        "control_sha256": "d389cc3f2dabc6172c166bd7cd4a65382c56fe6196919d13d721502ebe6548f5",
        "gradient_inf": 0.865280110188193,
        "gradient_l2": 1.3808020110419028,
        "objective": 0.9314473935070856,
        "phi": 0.9533070968486816
      },
      "current_branch": {
        "choice_stage_count": 3600,
        "euler_stages": 3600,
        "face_sign_stage_count": 3600,
        "scope": "fixed off-grid dBZ points, declared valid-row errors, known state/boundary; pointwise branch only",
        "signature_sha256": "01fa31dfa3b7127644215defb94e44487aead328d5ac5d2ee133ad88875b1748",
        "status": "passed_strict_branch"
      },
      "current_branch_margins": {
        "absolute_face_flux_over_global_maximum": {
          "absolute_minimum": 0.0007709963929855568,
          "global_maximum_absolute_flux": 0.1592983127409649,
          "index": [
            3,
            1
          ],
          "orientation": "y",
          "stage_context": {
            "forecast_lead_index": null,
            "interval_end_seconds": 600,
            "interval_index": 0,
            "interval_start_seconds": 0,
            "phase": "analysis_replay",
            "ssprk_euler_stage_index": 0,
            "substep_index": 0
          },
          "stage_index": 0,
          "value": 0.004839953290900667
        },
        "complete": true,
        "expected_stage_count": 3600,
        "flux_global_maximum_absolute": 0.1592983127409649,
        "nonfinite": false,
        "normalized_minima": {
          "x_active_limiter_gap_over_q_scale": {
            "stage_context": {
              "forecast_lead_index": 1,
              "interval_end_seconds": 1800,
              "interval_index": 0,
              "interval_start_seconds": 1200,
              "phase": "future_forecast",
              "ssprk_euler_stage_index": 1,
              "substep_index": 45
            },
            "stage_index": 451,
            "value": 7.245089501431132e-06
          },
          "x_left_slope_over_q_scale": {
            "stage_context": {
              "forecast_lead_index": null,
              "interval_end_seconds": 600,
              "interval_index": 0,
              "interval_start_seconds": 0,
              "phase": "analysis_replay",
              "ssprk_euler_stage_index": 1,
              "substep_index": 67
            },
            "stage_index": 135,
            "value": 0.01552664709190792
          },
          "x_right_slope_over_q_scale": {
            "stage_context": {
              "forecast_lead_index": 2,
              "interval_end_seconds": 2400,
              "interval_index": 1,
              "interval_start_seconds": 1800,
              "phase": "future_forecast",
              "ssprk_euler_stage_index": 1,
              "substep_index": 76
            },
            "stage_index": 693,
            "value": 0.018704619927378097
          },
          "y_active_limiter_gap_over_q_scale": {
            "stage_context": {
              "forecast_lead_index": 2,
              "interval_end_seconds": 2400,
              "interval_index": 1,
              "interval_start_seconds": 1800,
              "phase": "future_forecast",
              "ssprk_euler_stage_index": 1,
              "substep_index": 39
            },
            "stage_index": 619,
            "value": 9.888802899485923e-07
          },
          "y_left_slope_over_q_scale": {
            "stage_context": {
              "forecast_lead_index": null,
              "interval_end_seconds": 600,
              "interval_index": 0,
              "interval_start_seconds": 0,
              "phase": "analysis_replay",
              "ssprk_euler_stage_index": 1,
              "substep_index": 51
            },
            "stage_index": 103,
            "value": 0.024957286854524197
          },
          "y_right_slope_over_q_scale": {
            "stage_context": {
              "forecast_lead_index": 7,
              "interval_end_seconds": 5400,
              "interval_index": 6,
              "interval_start_seconds": 4800,
              "phase": "future_forecast",
              "ssprk_euler_stage_index": 1,
              "substep_index": 14
            },
            "stage_index": 1469,
            "value": 4.2337700471923175e-06
          }
        },
        "observed_stage_count": 3600
      },
      "direction": {
        "curvature_dot": 65.72302469540332,
        "curvature_threshold": 1.0765656873897105e-11,
        "direction_l2": 1.0,
        "direction_max_abs": 0.8792176044901566,
        "direction_sha256": "74aa37af0830d1e7c580de6d0255f444b6b543106e663bbfba3c97898cd938d1",
        "gradient_l2": 1.3808020110419028,
        "hg_l2": 274.32091943874843,
        "slope_j": -0.2395844430307046,
        "slope_phi": -274.3209194387485,
        "status": "passed"
      },
      "epoch": 1,
      "transpose_consistency": {
        "difference_l2": 2.5058058559251693e-13,
        "hg_l2": 274.32091943874843,
        "htg_l2": 274.3209194387485,
        "reason": null,
        "relative_difference": 9.134578073928759e-16,
        "status": "passed",
        "tolerance": 1e-08
      },
      "trials": [
        {
          "accepted": true,
          "alpha": 7.8125e-05,
          "branch": {
            "choice_stage_count": 3600,
            "euler_stages": 3600,
            "face_sign_stage_count": 3600,
            "scope": "fixed off-grid dBZ points, declared valid-row errors, known state/boundary; pointwise branch only",
            "signature_sha256": "18a36b01bc9a8b7c21ea1970f79f8bd379a52ceb67b7fae72b2e79c1c5d0eed8",
            "status": "passed_strict_branch"
          },
          "branch_changed": true,
          "branch_signature_sha256": "18a36b01bc9a8b7c21ea1970f79f8bd379a52ceb67b7fae72b2e79c1c5d0eed8",
          "branch_status": "passed_strict_branch",
          "control_sha256": "602b08828b92508dfaed3605f4626882a1cf70646730da1cb866416dd15cf0b9",
          "epoch": 1,
          "gate": {
            "accepted": true,
            "actual_decrease": true,
            "armijo_limits": {
              "j": 0.9314473916353322,
              "phi": 0.9533049537164985
            },
            "armijo_passed": null,
            "armijo_required": false,
            "branch_changed": true,
            "decrease_j": 1.2006030437938797e-05,
            "decrease_phi": 0.0010556769628473628,
            "refusal_reasons": [],
            "roundoff_floors": {
              "j": 2.6473327167965567e-14,
              "phi": 2.709461730457524e-14
            }
          },
          "gradient_inf": 0.8719793800953134,
          "gradient_l2": 1.380037260283819,
          "objective": 0.9314353874766477,
          "objective_status": "finite",
          "path_certified": false,
          "phi": 0.9522514198858343,
          "trial": 0
        }
      ],
      "true_slope_j": -0.2395844430307046,
      "true_slope_phi": -274.32091943874855
    }
  ],
  "adjoint_computed": false,
  "archive_before": {
    "control_sha256": "adc5bfd01e98e32b09ccc963f096a6f6a3c7307d600a0ba20f8ddc8dcad3721e",
    "parameters_sha256": "8871db49c227c03f9c155c3250da5acc9c30de3be18334921c464010cd4ad6ed",
    "problem": {
      "fixed_problem_sha256": "16fa95b534c3b61cf5d1506770cbfc77edb527c40d1f4c536f5130cba24e1fc3",
      "scope": "fixed point-observation identity; caller also binds code, control, parameters and branch"
    },
    "terminal_truth_sha256": "b927c1a39d16f05285cccb7a9ff48d182eea539bfba746f7aff446aee0974610"
  },
  "archive_unchanged": true,
  "branch_status": "passed_strict_branch",
  "candidate_attempts": [
    {
      "accepted": true,
      "alpha": 7.8125e-05,
      "branch": {
        "choice_stage_count": 3600,
        "euler_stages": 3600,
        "face_sign_stage_count": 3600,
        "scope": "fixed off-grid dBZ points, declared valid-row errors, known state/boundary; pointwise branch only",
        "signature_sha256": "01fa31dfa3b7127644215defb94e44487aead328d5ac5d2ee133ad88875b1748",
        "status": "passed_strict_branch"
      },
      "branch_changed": true,
      "branch_signature_sha256": "01fa31dfa3b7127644215defb94e44487aead328d5ac5d2ee133ad88875b1748",
      "branch_status": "passed_strict_branch",
      "control_sha256": "d389cc3f2dabc6172c166bd7cd4a65382c56fe6196919d13d721502ebe6548f5",
      "epoch": 0,
      "gate": {
        "accepted": true,
        "actual_decrease": true,
        "armijo_limits": {
          "j": 0.9314590499528674,
          "phi": 0.9755143591847367
        },
        "armijo_passed": null,
        "armijo_required": false,
        "branch_changed": true,
        "decrease_j": 1.1658596401620258e-05,
        "decrease_phi": 0.022212820411418477,
        "refusal_reasons": [],
        "roundoff_floors": {
          "j": 2.647365852520486e-14,
          "phi": 2.7725943631938325e-14
        }
      },
      "gradient_inf": 0.865280110188193,
      "gradient_l2": 1.3808020110419028,
      "objective": 0.9314473935070856,
      "objective_status": "finite",
      "path_certified": false,
      "phi": 0.9533070968486816,
      "trial": 0
    },
    {
      "accepted": true,
      "alpha": 7.8125e-05,
      "branch": {
        "choice_stage_count": 3600,
        "euler_stages": 3600,
        "face_sign_stage_count": 3600,
        "scope": "fixed off-grid dBZ points, declared valid-row errors, known state/boundary; pointwise branch only",
        "signature_sha256": "18a36b01bc9a8b7c21ea1970f79f8bd379a52ceb67b7fae72b2e79c1c5d0eed8",
        "status": "passed_strict_branch"
      },
      "branch_changed": true,
      "branch_signature_sha256": "18a36b01bc9a8b7c21ea1970f79f8bd379a52ceb67b7fae72b2e79c1c5d0eed8",
      "branch_status": "passed_strict_branch",
      "control_sha256": "602b08828b92508dfaed3605f4626882a1cf70646730da1cb866416dd15cf0b9",
      "epoch": 1,
      "gate": {
        "accepted": true,
        "actual_decrease": true,
        "armijo_limits": {
          "j": 0.9314473916353322,
          "phi": 0.9533049537164985
        },
        "armijo_passed": null,
        "armijo_required": false,
        "branch_changed": true,
        "decrease_j": 1.2006030437938797e-05,
        "decrease_phi": 0.0010556769628473628,
        "refusal_reasons": [],
        "roundoff_floors": {
          "j": 2.6473327167965567e-14,
          "phi": 2.709461730457524e-14
        }
      },
      "gradient_inf": 0.8719793800953134,
      "gradient_l2": 1.380037260283819,
      "objective": 0.9314353874766477,
      "objective_status": "finite",
      "path_certified": false,
      "phi": 0.9522514198858343,
      "trial": 0
    }
  ],
  "child_elapsed_seconds": 44.656367250019684,
  "child_phase_seconds": {
    "fixture_reconstruction": 2.7707058750092983,
    "fresh_candidate_merit": 1.8521933340234682,
    "fresh_current_merit": 2.275052124983631,
    "fresh_hg_and_htg": 19.305739082978107,
    "source_and_archive_identity": 0.002917499979957938,
    "strict_branch_and_margin_pass": 13.705089751048945,
    "strict_endpoint_oracle": 4.739283666945994
  },
  "costs": {
    "accepted_epoch_count": 2,
    "adjoint_computed": false,
    "branch_oracle_calls": 5,
    "current_branch_call_unrecorded": false,
    "current_branch_calls": 2,
    "epoch_count": 2,
    "exact_hvp_calls": 2,
    "exact_vjp_calls": 2,
    "pcg_calls": 0,
    "response_computed": false,
    "score_computed": false,
    "trial_count": 2
  },
  "current": {
    "branch_signature_sha256": "01fa31dfa3b7127644215defb94e44487aead328d5ac5d2ee133ad88875b1748",
    "control_sha256": "d389cc3f2dabc6172c166bd7cd4a65382c56fe6196919d13d721502ebe6548f5",
    "gradient_inf": 0.865280110188193,
    "gradient_l2": 1.3808020110419028,
    "objective": 0.9314473935070856,
    "phi": 0.9533070968486816
  },
  "current_branch": {
    "choice_stage_count": 3600,
    "euler_stages": 3600,
    "face_sign_stage_count": 3600,
    "scope": "fixed off-grid dBZ points, declared valid-row errors, known state/boundary; pointwise branch only",
    "signature_sha256": "01fa31dfa3b7127644215defb94e44487aead328d5ac5d2ee133ad88875b1748",
    "status": "passed_strict_branch"
  },
  "current_branch_margins": {
    "absolute_face_flux_over_global_maximum": {
      "absolute_minimum": 0.0007709963929855568,
      "global_maximum_absolute_flux": 0.1592983127409649,
      "index": [
        3,
        1
      ],
      "orientation": "y",
      "stage_context": {
        "forecast_lead_index": null,
        "interval_end_seconds": 600,
        "interval_index": 0,
        "interval_start_seconds": 0,
        "phase": "analysis_replay",
        "ssprk_euler_stage_index": 0,
        "substep_index": 0
      },
      "stage_index": 0,
      "value": 0.004839953290900667
    },
    "complete": true,
    "expected_stage_count": 3600,
    "flux_global_maximum_absolute": 0.1592983127409649,
    "nonfinite": false,
    "normalized_minima": {
      "x_active_limiter_gap_over_q_scale": {
        "stage_context": {
          "forecast_lead_index": 1,
          "interval_end_seconds": 1800,
          "interval_index": 0,
          "interval_start_seconds": 1200,
          "phase": "future_forecast",
          "ssprk_euler_stage_index": 1,
          "substep_index": 45
        },
        "stage_index": 451,
        "value": 7.245089501431132e-06
      },
      "x_left_slope_over_q_scale": {
        "stage_context": {
          "forecast_lead_index": null,
          "interval_end_seconds": 600,
          "interval_index": 0,
          "interval_start_seconds": 0,
          "phase": "analysis_replay",
          "ssprk_euler_stage_index": 1,
          "substep_index": 67
        },
        "stage_index": 135,
        "value": 0.01552664709190792
      },
      "x_right_slope_over_q_scale": {
        "stage_context": {
          "forecast_lead_index": 2,
          "interval_end_seconds": 2400,
          "interval_index": 1,
          "interval_start_seconds": 1800,
          "phase": "future_forecast",
          "ssprk_euler_stage_index": 1,
          "substep_index": 76
        },
        "stage_index": 693,
        "value": 0.018704619927378097
      },
      "y_active_limiter_gap_over_q_scale": {
        "stage_context": {
          "forecast_lead_index": 2,
          "interval_end_seconds": 2400,
          "interval_index": 1,
          "interval_start_seconds": 1800,
          "phase": "future_forecast",
          "ssprk_euler_stage_index": 1,
          "substep_index": 39
        },
        "stage_index": 619,
        "value": 9.888802899485923e-07
      },
      "y_left_slope_over_q_scale": {
        "stage_context": {
          "forecast_lead_index": null,
          "interval_end_seconds": 600,
          "interval_index": 0,
          "interval_start_seconds": 0,
          "phase": "analysis_replay",
          "ssprk_euler_stage_index": 1,
          "substep_index": 51
        },
        "stage_index": 103,
        "value": 0.024957286854524197
      },
      "y_right_slope_over_q_scale": {
        "stage_context": {
          "forecast_lead_index": 7,
          "interval_end_seconds": 5400,
          "interval_index": 6,
          "interval_start_seconds": 4800,
          "phase": "future_forecast",
          "ssprk_euler_stage_index": 1,
          "substep_index": 14
        },
        "stage_index": 1469,
        "value": 4.2337700471923175e-06
      }
    },
    "observed_stage_count": 3600
  },
  "current_control_sha256": "d389cc3f2dabc6172c166bd7cd4a65382c56fe6196919d13d721502ebe6548f5",
  "current_epoch": 1,
  "direction": {
    "curvature_dot": 65.72302469540332,
    "curvature_threshold": 1.0765656873897105e-11,
    "direction_l2": 1.0,
    "direction_max_abs": 0.8792176044901566,
    "direction_sha256": "74aa37af0830d1e7c580de6d0255f444b6b543106e663bbfba3c97898cd938d1",
    "gradient_l2": 1.3808020110419028,
    "hg_l2": 274.32091943874843,
    "slope_j": -0.2395844430307046,
    "slope_phi": -274.3209194387485,
    "status": "passed"
  },
  "environment": {
    "device": "CPU FP64",
    "python": "3.12.13",
    "torch": "2.13.0"
  },
  "execution_phase": "finished",
  "execution_status": "completed",
  "final_accepted_branch": {
    "choice_stage_count": 3600,
    "euler_stages": 3600,
    "face_sign_stage_count": 3600,
    "scope": "fixed off-grid dBZ points, declared valid-row errors, known state/boundary; pointwise branch only",
    "signature_sha256": "18a36b01bc9a8b7c21ea1970f79f8bd379a52ceb67b7fae72b2e79c1c5d0eed8",
    "status": "passed_strict_branch"
  },
  "final_accepted_branch_margins": {
    "absolute_face_flux_over_global_maximum": {
      "absolute_minimum": 0.0007684605784842868,
      "global_maximum_absolute_flux": 0.15930642644318063,
      "index": [
        3,
        1
      ],
      "orientation": "y",
      "stage_context": {
        "forecast_lead_index": null,
        "interval_end_seconds": 600,
        "interval_index": 0,
        "interval_start_seconds": 0,
        "phase": "analysis_replay",
        "ssprk_euler_stage_index": 0,
        "substep_index": 0
      },
      "stage_index": 0,
      "value": 0.004823788943369284
    },
    "complete": true,
    "expected_stage_count": 3600,
    "flux_global_maximum_absolute": 0.15930642644318063,
    "nonfinite": false,
    "normalized_minima": {
      "x_active_limiter_gap_over_q_scale": {
        "stage_context": {
          "forecast_lead_index": 1,
          "interval_end_seconds": 1800,
          "interval_index": 0,
          "interval_start_seconds": 1200,
          "phase": "future_forecast",
          "ssprk_euler_stage_index": 1,
          "substep_index": 45
        },
        "stage_index": 451,
        "value": 3.5349777202693994e-06
      },
      "x_left_slope_over_q_scale": {
        "stage_context": {
          "forecast_lead_index": null,
          "interval_end_seconds": 600,
          "interval_index": 0,
          "interval_start_seconds": 0,
          "phase": "analysis_replay",
          "ssprk_euler_stage_index": 1,
          "substep_index": 67
        },
        "stage_index": 135,
        "value": 0.015525818328951956
      },
      "x_right_slope_over_q_scale": {
        "stage_context": {
          "forecast_lead_index": 2,
          "interval_end_seconds": 2400,
          "interval_index": 1,
          "interval_start_seconds": 1800,
          "phase": "future_forecast",
          "ssprk_euler_stage_index": 1,
          "substep_index": 76
        },
        "stage_index": 693,
        "value": 0.018707233754083417
      },
      "y_active_limiter_gap_over_q_scale": {
        "stage_context": {
          "forecast_lead_index": 3,
          "interval_end_seconds": 3000,
          "interval_index": 2,
          "interval_start_seconds": 2400,
          "phase": "future_forecast",
          "ssprk_euler_stage_index": 0,
          "substep_index": 33
        },
        "stage_index": 786,
        "value": 4.787781139743343e-06
      },
      "y_left_slope_over_q_scale": {
        "stage_context": {
          "forecast_lead_index": null,
          "interval_end_seconds": 600,
          "interval_index": 0,
          "interval_start_seconds": 0,
          "phase": "analysis_replay",
          "ssprk_euler_stage_index": 1,
          "substep_index": 51
        },
        "stage_index": 103,
        "value": 0.024955231606367152
      },
      "y_right_slope_over_q_scale": {
        "stage_context": {
          "forecast_lead_index": 7,
          "interval_end_seconds": 5400,
          "interval_index": 6,
          "interval_start_seconds": 4800,
          "phase": "future_forecast",
          "ssprk_euler_stage_index": 1,
          "substep_index": 13
        },
        "stage_index": 1467,
        "value": 3.3667617469625977e-07
      }
    },
    "observed_stage_count": 3600
  },
  "fixed_input_unchanged": true,
  "input_after": {
    "archived_input": {
      "control_sha256": "adc5bfd01e98e32b09ccc963f096a6f6a3c7307d600a0ba20f8ddc8dcad3721e",
      "parameters_sha256": "8871db49c227c03f9c155c3250da5acc9c30de3be18334921c464010cd4ad6ed",
      "problem": {
        "fixed_problem_sha256": "16fa95b534c3b61cf5d1506770cbfc77edb527c40d1f4c536f5130cba24e1fc3",
        "scope": "fixed point-observation identity; caller also binds code, control, parameters and branch"
      },
      "terminal_truth_sha256": "b927c1a39d16f05285cccb7a9ff48d182eea539bfba746f7aff446aee0974610"
    },
    "changed_control_index": 21,
    "changed_control_indices": [
      0,
      1,
      2,
      3,
      4,
      5,
      6,
      7,
      8,
      9,
      10,
      11,
      12,
      13,
      14,
      15,
      16,
      17,
      18,
      19,
      20,
      21,
      22,
      23,
      24,
      25
    ],
    "control_sha256": "602b08828b92508dfaed3605f4626882a1cf70646730da1cb866416dd15cf0b9",
    "original_flow_fractions": [
      0.7,
      -0.6,
      0.5,
      0.4,
      -0.30000000000000004
    ],
    "parameters_sha256": "8871db49c227c03f9c155c3250da5acc9c30de3be18334921c464010cd4ad6ed",
    "shifted_flow_fractions": [
      0.7000131403287062,
      -0.5900240297740919,
      0.49998206828119696,
      0.3999346277571615,
      -0.3000812186817385
    ],
    "terminal_truth_sha256": "b927c1a39d16f05285cccb7a9ff48d182eea539bfba746f7aff446aee0974610"
  },
  "input_before": {
    "archived_input": {
      "control_sha256": "adc5bfd01e98e32b09ccc963f096a6f6a3c7307d600a0ba20f8ddc8dcad3721e",
      "parameters_sha256": "8871db49c227c03f9c155c3250da5acc9c30de3be18334921c464010cd4ad6ed",
      "problem": {
        "fixed_problem_sha256": "16fa95b534c3b61cf5d1506770cbfc77edb527c40d1f4c536f5130cba24e1fc3",
        "scope": "fixed point-observation identity; caller also binds code, control, parameters and branch"
      },
      "terminal_truth_sha256": "b927c1a39d16f05285cccb7a9ff48d182eea539bfba746f7aff446aee0974610"
    },
    "changed_control_index": 21,
    "changed_control_indices": [
      0,
      1,
      2,
      3,
      4,
      5,
      6,
      7,
      8,
      9,
      10,
      11,
      12,
      13,
      14,
      15,
      16,
      17,
      18,
      19,
      20,
      21,
      22,
      23,
      24,
      25
    ],
    "control_sha256": "baed75b17f6552cecf999be2a23db75725fef8d713a1dd360326ee82680159ba",
    "original_flow_fractions": [
      0.7,
      -0.6,
      0.5,
      0.4,
      -0.30000000000000004
    ],
    "parameters_sha256": "8871db49c227c03f9c155c3250da5acc9c30de3be18334921c464010cd4ad6ed",
    "shifted_flow_fractions": [
      0.7000127997384171,
      -0.590023405934295,
      0.49998281128253647,
      0.3999346312755789,
      -0.30008382481949897
    ],
    "terminal_truth_sha256": "b927c1a39d16f05285cccb7a9ff48d182eea539bfba746f7aff446aee0974610"
  },
  "internal_budget_seconds": 240.0,
  "layout": {
    "controls": 26,
    "euler_stages": 3600,
    "forecast_time_seconds": 12000.0,
    "observation_shape": [
      3,
      4
    ],
    "observation_times_seconds": [
      0.0,
      600.0,
      1200.0
    ],
    "parameters": 13,
    "state_shape": [
      4,
      5
    ],
    "theta_index": 12
  },
  "numerical_status": "accepted_epoch_limit",
  "path_certified": false,
  "pcg_calls": 0,
  "pid": 57197,
  "pinned_seed": {
    "branch_signature_sha256": "2925e02c77e293436b8eccfeda1db44390bb4ca6f106f5a5b581818d9ab57dc5",
    "control_sha256": "baed75b17f6552cecf999be2a23db75725fef8d713a1dd360326ee82680159ba",
    "gradient_inf": 0.8727746789931015,
    "objective": 0.9314590521034872,
    "parameters_sha256": "8871db49c227c03f9c155c3250da5acc9c30de3be18334921c464010cd4ad6ed",
    "phi": 0.9755199172601001,
    "terminal_truth_sha256": "b927c1a39d16f05285cccb7a9ff48d182eea539bfba746f7aff446aee0974610"
  },
  "plan_sha256": "8663ccc4046ca0ddde489b57a51127259747b335978776556b7e9a02f8f679ff",
  "plan_unchanged": true,
  "profile": "tail",
  "response_computed": false,
  "root_certified": false,
  "rss_limit_bytes": 1073741824,
  "score_computed": false,
  "seed_control_sha256": "baed75b17f6552cecf999be2a23db75725fef8d713a1dd360326ee82680159ba",
  "seed_evidence_sha256": "99c9fe27c2df7136a881e03d2f886709379ef8ded66d2b41af3dd9d224688b8f",
  "seed_evidence_unchanged": true,
  "seed_report_sha256": "eb5b9d1ea712766607fc87b67d1053bd8b103dad1fdc06bcd8fa2916293b248c",
  "seed_report_unchanged": true,
  "source_after": {
    "examples/weather_scenarios/fv86_resource_runner.py": "6242598d8b11a74ed44fcd419d83fd14cfcd637f34ee4746e1f5432554aeeb6d",
    "examples/weather_scenarios/fv_long_horizon_case.py": "22feb5c49495b26c78caa826e73f34a9abb21a4dbf71cfa5e34fbaae884cbc85",
    "examples/weather_scenarios/fv_minmod_inverse_probe.py": "38c0590b0a8028ae01c203782976e08ed29df0f9c54bf784bd964f5abd6fbd6f",
    "examples/weather_scenarios/fv_point_3h_first_branch_probe.py": "c82f1407c0a93160ff87ae5d5efcb785ad8dae2a73e7bac6a7c2a5c55e728d3e",
    "examples/weather_scenarios/fv_point_3h_forward_case.py": "a23bab3d10bde9ca08661979df9e2c94a0de7bde6c7c732b5ed2b9ec769f61ec",
    "examples/weather_scenarios/fv_point_3h_forward_probe.py": "8ab664ebcb42d6c74d1b056a751df57941816ca1804538f9afd954b26f95ca75",
    "examples/weather_scenarios/fv_point_3h_forward_runner.py": "bf50195f2ff7d7ba7550e54ebb3473f0d501cde2663dd8d4f0e5281db97570af",
    "examples/weather_scenarios/fv_point_3h_merit_continuation.py": "d241108e0e42201c968ddf1d5bf2832b144a70bfbb5f3537409a93cac8b6937f",
    "examples/weather_scenarios/fv_point_3h_merit_step_probe.py": "4a00255762f3d30b4d235bcce4651d143e28070c57cc33ccc20ecb249900abbf",
    "examples/weather_scenarios/fv_point_3h_seed_linear_probe.py": "65e73c10ec1be38e620888625ee4340e8b330050cb940eba15e34830e20c2731",
    "examples/weather_scenarios/fv_point_3h_shifted_branch_probe.py": "fd4f36c5802a1ad0a2e40bb8a4a8e2fac2dd0d6aa0c6418922c87c9149e10c11",
    "examples/weather_scenarios/fv_point_research_case.py": "358dd1bb46f7cf2ebb0fcf7bb33d4735b66419412d97d0b7847e7eab236f5f2e",
    "examples/weather_scenarios/fv_point_response_preflight.py": "6929668a5d2c95a64499ab598a0f045d66e47a80cf7a997513f448fff8ba3ccf",
    "examples/weather_scenarios/fv_point_response_preflight_runner.py": "7e25520af78418323a28dd3aec152040829bba597ab2902c4a80413c1088aab8",
    "examples/weather_scenarios/fv_sensitivity_probe.py": "919c6d94717fd96dd68d2f63d73b4c15d5e96e5d3d65efccf4deecdc7dce2b4f",
    "src/advar/fv_point_research_problem.py": "ffdb27fd40aa6943ab4c04860695303e4270291377a7b86535c06416704eec19",
    "src/advar/fv_point_sampler.py": "e3116a9250a5890521d66502aacd69c6ea32cc348fb961e6ffb88cf97750d3af",
    "src/advar/fv_research_problem.py": "487a429dadd1179db9d4e27a2523bf64e81fffe90c955ef46ea392aae313c3af",
    "src/advar/local_refinement.py": "47366f828777b6fc322386b6dda8209916310ec2d06590767c1a9512ac344321",
    "src/advar/local_response.py": "ed4ab262907da26bfdf6201997083125c1430ebccce9afa70982417d77a060f4",
    "src/advar/matrix_free.py": "d30f6d888a5ec2c693b6787930a29d604c5da58a7030114957a1e8bb3e7e788d",
    "src/advar/nowcast.py": "391612bb8714c33d82f426f2225cf8869b2cb45679d362f95f2a2fb7191da63b",
    "src/advar/physics.py": "00b49438c2099ce514ef24a54b89eb21565315150b47e9c880513187c44bbed3",
    "src/advar/transport.py": "604709c561700def1f78b1eaac0beeb304d0b82554ea20bb16f8bb4fb44ae6bf",
    "src/advar/variational.py": "e871557463090abf185f6f29ef73c3813cf503497cac25d10a4f500f31f1824a"
  },
  "source_before": {
    "examples/weather_scenarios/fv86_resource_runner.py": "6242598d8b11a74ed44fcd419d83fd14cfcd637f34ee4746e1f5432554aeeb6d",
    "examples/weather_scenarios/fv_long_horizon_case.py": "22feb5c49495b26c78caa826e73f34a9abb21a4dbf71cfa5e34fbaae884cbc85",
    "examples/weather_scenarios/fv_minmod_inverse_probe.py": "38c0590b0a8028ae01c203782976e08ed29df0f9c54bf784bd964f5abd6fbd6f",
    "examples/weather_scenarios/fv_point_3h_first_branch_probe.py": "c82f1407c0a93160ff87ae5d5efcb785ad8dae2a73e7bac6a7c2a5c55e728d3e",
    "examples/weather_scenarios/fv_point_3h_forward_case.py": "a23bab3d10bde9ca08661979df9e2c94a0de7bde6c7c732b5ed2b9ec769f61ec",
    "examples/weather_scenarios/fv_point_3h_forward_probe.py": "8ab664ebcb42d6c74d1b056a751df57941816ca1804538f9afd954b26f95ca75",
    "examples/weather_scenarios/fv_point_3h_forward_runner.py": "bf50195f2ff7d7ba7550e54ebb3473f0d501cde2663dd8d4f0e5281db97570af",
    "examples/weather_scenarios/fv_point_3h_merit_continuation.py": "d241108e0e42201c968ddf1d5bf2832b144a70bfbb5f3537409a93cac8b6937f",
    "examples/weather_scenarios/fv_point_3h_merit_step_probe.py": "4a00255762f3d30b4d235bcce4651d143e28070c57cc33ccc20ecb249900abbf",
    "examples/weather_scenarios/fv_point_3h_seed_linear_probe.py": "65e73c10ec1be38e620888625ee4340e8b330050cb940eba15e34830e20c2731",
    "examples/weather_scenarios/fv_point_3h_shifted_branch_probe.py": "fd4f36c5802a1ad0a2e40bb8a4a8e2fac2dd0d6aa0c6418922c87c9149e10c11",
    "examples/weather_scenarios/fv_point_research_case.py": "358dd1bb46f7cf2ebb0fcf7bb33d4735b66419412d97d0b7847e7eab236f5f2e",
    "examples/weather_scenarios/fv_point_response_preflight.py": "6929668a5d2c95a64499ab598a0f045d66e47a80cf7a997513f448fff8ba3ccf",
    "examples/weather_scenarios/fv_point_response_preflight_runner.py": "7e25520af78418323a28dd3aec152040829bba597ab2902c4a80413c1088aab8",
    "examples/weather_scenarios/fv_sensitivity_probe.py": "919c6d94717fd96dd68d2f63d73b4c15d5e96e5d3d65efccf4deecdc7dce2b4f",
    "src/advar/fv_point_research_problem.py": "ffdb27fd40aa6943ab4c04860695303e4270291377a7b86535c06416704eec19",
    "src/advar/fv_point_sampler.py": "e3116a9250a5890521d66502aacd69c6ea32cc348fb961e6ffb88cf97750d3af",
    "src/advar/fv_research_problem.py": "487a429dadd1179db9d4e27a2523bf64e81fffe90c955ef46ea392aae313c3af",
    "src/advar/local_refinement.py": "47366f828777b6fc322386b6dda8209916310ec2d06590767c1a9512ac344321",
    "src/advar/local_response.py": "ed4ab262907da26bfdf6201997083125c1430ebccce9afa70982417d77a060f4",
    "src/advar/matrix_free.py": "d30f6d888a5ec2c693b6787930a29d604c5da58a7030114957a1e8bb3e7e788d",
    "src/advar/nowcast.py": "391612bb8714c33d82f426f2225cf8869b2cb45679d362f95f2a2fb7191da63b",
    "src/advar/physics.py": "00b49438c2099ce514ef24a54b89eb21565315150b47e9c880513187c44bbed3",
    "src/advar/transport.py": "604709c561700def1f78b1eaac0beeb304d0b82554ea20bb16f8bb4fb44ae6bf",
    "src/advar/variational.py": "e871557463090abf185f6f29ef73c3813cf503497cac25d10a4f500f31f1824a"
  },
  "source_unchanged": true,
  "termination_reap_grace_seconds": 2,
  "transpose_consistency": {
    "difference_l2": 2.5058058559251693e-13,
    "hg_l2": 274.32091943874843,
    "htg_l2": 274.3209194387485,
    "reason": null,
    "relative_difference": 9.134578073928759e-16,
    "status": "passed",
    "tolerance": 1e-08
  },
  "true_slope_j": -0.2395844430307046,
  "true_slope_phi": -274.32091943874855,
  "wall_limit_seconds": 300
}
