Python 3.12.14 CPU · 7 registered cases	Set up job	﻿2026-10-03T04:10:09.0712216Z Current runner version: '2.337.0'
Python 3.12.14 CPU · 7 registered cases	Set up job	2026-10-03T04:10:09.0742295Z ##[group]Runner Image Provisioner
Python 3.12.14 CPU · 7 registered cases	Set up job	2026-10-03T04:10:09.0743358Z Hosted Compute Agent
Python 3.12.14 CPU · 7 registered cases	Set up job	2026-10-03T04:10:09.0744015Z Version: 20260901.588
Python 3.12.14 CPU · 7 registered cases	Set up job	2026-10-03T04:10:09.0744701Z Commit: f88ec8081b781fac6c440065ac7ff9e710ce3d0b
Python 3.12.14 CPU · 7 registered cases	Set up job	2026-10-03T04:10:09.0745471Z Build Date: 2026-09-01T19:56:44Z
Python 3.12.14 CPU · 7 registered cases	Set up job	2026-10-03T04:10:09.0746160Z Worker ID: {728bf86b-a5d9-4378-961e-c3af58bc56c5}
Python 3.12.14 CPU · 7 registered cases	Set up job	2026-10-03T04:10:09.0746926Z Azure Region: westus
Python 3.12.14 CPU · 7 registered cases	Set up job	2026-10-03T04:10:09.0747590Z ##[endgroup]
Python 3.12.14 CPU · 7 registered cases	Set up job	2026-10-03T04:10:09.0749343Z ##[group]Operating System
Python 3.12.14 CPU · 7 registered cases	Set up job	2026-10-03T04:10:09.0750632Z Ubuntu
Python 3.12.14 CPU · 7 registered cases	Set up job	2026-10-03T04:10:09.0751185Z 24.04.5
Python 3.12.14 CPU · 7 registered cases	Set up job	2026-10-03T04:10:09.0751777Z LTS
Python 3.12.14 CPU · 7 registered cases	Set up job	2026-10-03T04:10:09.0752331Z ##[endgroup]
Python 3.12.14 CPU · 7 registered cases	Set up job	2026-10-03T04:10:09.0752876Z ##[group]Runner Image
Python 3.12.14 CPU · 7 registered cases	Set up job	2026-10-03T04:10:09.0753562Z Image: ubuntu-24.04
Python 3.12.14 CPU · 7 registered cases	Set up job	2026-10-03T04:10:09.0754132Z Version: 20260927.320.1
Python 3.12.14 CPU · 7 registered cases	Set up job	2026-10-03T04:10:09.0755234Z Included Software: https://github.com/actions/runner-images/blob/ubuntu24/20260927.320/images/ubuntu/Ubuntu2404-Readme.md
Python 3.12.14 CPU · 7 registered cases	Set up job	2026-10-03T04:10:09.0757102Z Image Release: https://github.com/actions/runner-images/releases/tag/ubuntu24%2F20260927.320
Python 3.12.14 CPU · 7 registered cases	Set up job	2026-10-03T04:10:09.0758150Z ##[endgroup]
Python 3.12.14 CPU · 7 registered cases	Set up job	2026-10-03T04:10:09.0759248Z ##[group]GITHUB_TOKEN Permissions
Python 3.12.14 CPU · 7 registered cases	Set up job	2026-10-03T04:10:09.0762418Z Contents: read
Python 3.12.14 CPU · 7 registered cases	Set up job	2026-10-03T04:10:09.0763099Z Metadata: read
Python 3.12.14 CPU · 7 registered cases	Set up job	2026-10-03T04:10:09.0763740Z ##[endgroup]
Python 3.12.14 CPU · 7 registered cases	Set up job	2026-10-03T04:10:09.0766148Z Secret source: Actions
Python 3.12.14 CPU · 7 registered cases	Set up job	2026-10-03T04:10:09.0767165Z Cache mode: write
Python 3.12.14 CPU · 7 registered cases	Set up job	2026-10-03T04:10:09.0768027Z Prepare workflow directory
Python 3.12.14 CPU · 7 registered cases	Set up job	2026-10-03T04:10:09.1148450Z Prepare all required actions
Python 3.12.14 CPU · 7 registered cases	Set up job	2026-10-03T04:10:09.1199921Z Getting action download info
Python 3.12.14 CPU · 7 registered cases	Set up job	2026-10-03T04:10:09.5068399Z Download action repository 'actions/checkout@3d3c42e5aac5ba805825da76410c181273ba90b1' (SHA:3d3c42e5aac5ba805825da76410c181273ba90b1)
Python 3.12.14 CPU · 7 registered cases	Set up job	2026-10-03T04:10:09.6531872Z Download action repository 'actions/setup-python@ece7cb06caefa5fff74198d8649806c4678c61a1' (SHA:ece7cb06caefa5fff74198d8649806c4678c61a1)
Python 3.12.14 CPU · 7 registered cases	Set up job	2026-10-03T04:10:09.7615614Z Download action repository 'actions/upload-artifact@043fb46d1a93c77aae656e7c1c64a875d1fc6a0a' (SHA:043fb46d1a93c77aae656e7c1c64a875d1fc6a0a)
Python 3.12.14 CPU · 7 registered cases	Set up job	2026-10-03T04:10:09.9954347Z Complete job name: Python 3.12.14 CPU · 7 registered cases
Python 3.12.14 CPU · 7 registered cases	Check out source	﻿2026-10-03T04:10:10.0774680Z ##[group]Run actions/checkout@3d3c42e5aac5ba805825da76410c181273ba90b1
Python 3.12.14 CPU · 7 registered cases	Check out source	2026-10-03T04:10:10.0775929Z with:
Python 3.12.14 CPU · 7 registered cases	Check out source	2026-10-03T04:10:10.0776507Z   repository: gonos2k/AD4DVAR-radar
Python 3.12.14 CPU · 7 registered cases	Check out source	2026-10-03T04:10:10.0780920Z   token: ***
Python 3.12.14 CPU · 7 registered cases	Check out source	2026-10-03T04:10:10.0781479Z   ssh-strict: true
Python 3.12.14 CPU · 7 registered cases	Check out source	2026-10-03T04:10:10.0782036Z   ssh-user: git
Python 3.12.14 CPU · 7 registered cases	Check out source	2026-10-03T04:10:10.0782600Z   persist-credentials: true
Python 3.12.14 CPU · 7 registered cases	Check out source	2026-10-03T04:10:10.0783193Z   clean: true
Python 3.12.14 CPU · 7 registered cases	Check out source	2026-10-03T04:10:10.0783736Z   sparse-checkout-cone-mode: true
Python 3.12.14 CPU · 7 registered cases	Check out source	2026-10-03T04:10:10.0784359Z   fetch-depth: 1
Python 3.12.14 CPU · 7 registered cases	Check out source	2026-10-03T04:10:10.0784897Z   fetch-tags: false
Python 3.12.14 CPU · 7 registered cases	Check out source	2026-10-03T04:10:10.0785442Z   show-progress: true
Python 3.12.14 CPU · 7 registered cases	Check out source	2026-10-03T04:10:10.0786045Z   lfs: false
Python 3.12.14 CPU · 7 registered cases	Check out source	2026-10-03T04:10:10.0786598Z   submodules: false
Python 3.12.14 CPU · 7 registered cases	Check out source	2026-10-03T04:10:10.0787169Z   set-safe-directory: true
Python 3.12.14 CPU · 7 registered cases	Check out source	2026-10-03T04:10:10.0787780Z   allow-unsafe-pr-checkout: false
Python 3.12.14 CPU · 7 registered cases	Check out source	2026-10-03T04:10:10.0788723Z ##[endgroup]
Python 3.12.14 CPU · 7 registered cases	Check out source	2026-10-03T04:10:10.1847325Z Syncing repository: gonos2k/AD4DVAR-radar
Python 3.12.14 CPU · 7 registered cases	Check out source	2026-10-03T04:10:10.1850571Z ##[group]Getting Git version info
Python 3.12.14 CPU · 7 registered cases	Check out source	2026-10-03T04:10:10.1852082Z Working directory is '/home/runner/work/AD4DVAR-radar/AD4DVAR-radar'
Python 3.12.14 CPU · 7 registered cases	Check out source	2026-10-03T04:10:10.1854026Z [command]/usr/bin/git version
Python 3.12.14 CPU · 7 registered cases	Check out source	2026-10-03T04:10:10.3036252Z git version 2.55.0
Python 3.12.14 CPU · 7 registered cases	Check out source	2026-10-03T04:10:10.3061361Z ##[endgroup]
Python 3.12.14 CPU · 7 registered cases	Check out source	2026-10-03T04:10:10.3074768Z Temporarily overriding HOME='/home/runner/work/_temp/4fd7b1ec-5760-447f-8cdf-e8349df5915e' before making global git config changes
Python 3.12.14 CPU · 7 registered cases	Check out source	2026-10-03T04:10:10.3077195Z Adding repository directory to the temporary git global config as a safe directory
Python 3.12.14 CPU · 7 registered cases	Check out source	2026-10-03T04:10:10.3082146Z [command]/usr/bin/git config --global --add safe.directory /home/runner/work/AD4DVAR-radar/AD4DVAR-radar
Python 3.12.14 CPU · 7 registered cases	Check out source	2026-10-03T04:10:10.3314116Z Deleting the contents of '/home/runner/work/AD4DVAR-radar/AD4DVAR-radar'
Python 3.12.14 CPU · 7 registered cases	Check out source	2026-10-03T04:10:10.3318001Z ##[group]Determining repository object format
Python 3.12.14 CPU · 7 registered cases	Check out source	2026-10-03T04:10:10.3320197Z ##[endgroup]
Python 3.12.14 CPU · 7 registered cases	Check out source	2026-10-03T04:10:10.3321203Z ##[group]Initializing the repository
Python 3.12.14 CPU · 7 registered cases	Check out source	2026-10-03T04:10:10.3325167Z [command]/usr/bin/git init /home/runner/work/AD4DVAR-radar/AD4DVAR-radar
Python 3.12.14 CPU · 7 registered cases	Check out source	2026-10-03T04:10:10.3837163Z hint: Using 'master' as the name for the initial branch. This default branch name
Python 3.12.14 CPU · 7 registered cases	Check out source	2026-10-03T04:10:10.3845024Z hint: will change to "main" in Git 3.0. To configure the initial branch name
Python 3.12.14 CPU · 7 registered cases	Check out source	2026-10-03T04:10:10.3846984Z hint: to use in all of your new repositories, which will suppress this warning,
Python 3.12.14 CPU · 7 registered cases	Check out source	2026-10-03T04:10:10.3848374Z hint: call:
Python 3.12.14 CPU · 7 registered cases	Check out source	2026-10-03T04:10:10.3849107Z hint:
Python 3.12.14 CPU · 7 registered cases	Check out source	2026-10-03T04:10:10.3850254Z hint: 	git config --global init.defaultBranch <name>
Python 3.12.14 CPU · 7 registered cases	Check out source	2026-10-03T04:10:10.3851324Z hint:
Python 3.12.14 CPU · 7 registered cases	Check out source	2026-10-03T04:10:10.3852290Z hint: Names commonly chosen instead of 'master' are 'main', 'trunk' and
Python 3.12.14 CPU · 7 registered cases	Check out source	2026-10-03T04:10:10.3853840Z hint: 'development'. The just-created branch can be renamed via this command:
Python 3.12.14 CPU · 7 registered cases	Check out source	2026-10-03T04:10:10.3855167Z hint:
Python 3.12.14 CPU · 7 registered cases	Check out source	2026-10-03T04:10:10.3855981Z hint: 	git branch -m <name>
Python 3.12.14 CPU · 7 registered cases	Check out source	2026-10-03T04:10:10.3856982Z hint:
Python 3.12.14 CPU · 7 registered cases	Check out source	2026-10-03T04:10:10.3858123Z hint: Disable this message with "git config set advice.defaultBranchName false"
Python 3.12.14 CPU · 7 registered cases	Check out source	2026-10-03T04:10:10.3860172Z Initialized empty Git repository in /home/runner/work/AD4DVAR-radar/AD4DVAR-radar/.git/
Python 3.12.14 CPU · 7 registered cases	Check out source	2026-10-03T04:10:10.3863719Z [command]/usr/bin/git remote add origin https://github.com/gonos2k/AD4DVAR-radar
Python 3.12.14 CPU · 7 registered cases	Check out source	2026-10-03T04:10:10.4121515Z ##[endgroup]
Python 3.12.14 CPU · 7 registered cases	Check out source	2026-10-03T04:10:10.4122549Z ##[group]Disabling automatic garbage collection
Python 3.12.14 CPU · 7 registered cases	Check out source	2026-10-03T04:10:10.4125546Z [command]/usr/bin/git config --local gc.auto 0
Python 3.12.14 CPU · 7 registered cases	Check out source	2026-10-03T04:10:10.4165230Z ##[endgroup]
Python 3.12.14 CPU · 7 registered cases	Check out source	2026-10-03T04:10:10.4166573Z ##[group]Setting up auth
Python 3.12.14 CPU · 7 registered cases	Check out source	2026-10-03T04:10:10.4167215Z Removing SSH command configuration
Python 3.12.14 CPU · 7 registered cases	Check out source	2026-10-03T04:10:10.4173332Z [command]/usr/bin/git config --local --name-only --get-regexp core\.sshCommand
Python 3.12.14 CPU · 7 registered cases	Check out source	2026-10-03T04:10:10.4214275Z [command]/usr/bin/git submodule foreach --recursive sh -c "git config --local --name-only --get-regexp 'core\.sshCommand' && git config --local --unset-all 'core.sshCommand' || :"
Python 3.12.14 CPU · 7 registered cases	Check out source	2026-10-03T04:10:10.6124306Z Removing HTTP extra header
Python 3.12.14 CPU · 7 registered cases	Check out source	2026-10-03T04:10:10.6132229Z [command]/usr/bin/git config --local --name-only --get-regexp http\.https\:\/\/github\.com\/\.extraheader
Python 3.12.14 CPU · 7 registered cases	Check out source	2026-10-03T04:10:10.6175561Z [command]/usr/bin/git submodule foreach --recursive sh -c "git config --local --name-only --get-regexp 'http\.https\:\/\/github\.com\/\.extraheader' && git config --local --unset-all 'http.https://github.com/.extraheader' || :"
Python 3.12.14 CPU · 7 registered cases	Check out source	2026-10-03T04:10:10.6427674Z Removing includeIf entries pointing to credentials config files
Python 3.12.14 CPU · 7 registered cases	Check out source	2026-10-03T04:10:10.6432472Z [command]/usr/bin/git config --local --name-only --get-regexp ^includeIf\.gitdir:
Python 3.12.14 CPU · 7 registered cases	Check out source	2026-10-03T04:10:10.6471764Z [command]/usr/bin/git submodule foreach --recursive git config --local --show-origin --name-only --get-regexp remote.origin.url
Python 3.12.14 CPU · 7 registered cases	Check out source	2026-10-03T04:10:10.6733846Z [command]/usr/bin/git config --file /home/runner/work/_temp/git-credentials-c0e879c0-784b-49f9-aa3e-8c476264796b.config http.https://github.com/.extraheader AUTHORIZATION: basic ***
Python 3.12.14 CPU · 7 registered cases	Check out source	2026-10-03T04:10:10.6781458Z [command]/usr/bin/git config --local includeIf.gitdir:/home/runner/work/AD4DVAR-radar/AD4DVAR-radar/.git.path /home/runner/work/_temp/git-credentials-c0e879c0-784b-49f9-aa3e-8c476264796b.config
Python 3.12.14 CPU · 7 registered cases	Check out source	2026-10-03T04:10:10.6820658Z [command]/usr/bin/git config --local includeIf.gitdir:/home/runner/work/AD4DVAR-radar/AD4DVAR-radar/.git/worktrees/*.path /home/runner/work/_temp/git-credentials-c0e879c0-784b-49f9-aa3e-8c476264796b.config
Python 3.12.14 CPU · 7 registered cases	Check out source	2026-10-03T04:10:10.6865977Z [command]/usr/bin/git config --local includeIf.gitdir:/github/workspace/.git.path /github/runner_temp/git-credentials-c0e879c0-784b-49f9-aa3e-8c476264796b.config
Python 3.12.14 CPU · 7 registered cases	Check out source	2026-10-03T04:10:10.6907278Z [command]/usr/bin/git config --local includeIf.gitdir:/github/workspace/.git/worktrees/*.path /github/runner_temp/git-credentials-c0e879c0-784b-49f9-aa3e-8c476264796b.config
Python 3.12.14 CPU · 7 registered cases	Check out source	2026-10-03T04:10:10.6941539Z ##[endgroup]
Python 3.12.14 CPU · 7 registered cases	Check out source	2026-10-03T04:10:10.6943874Z ##[group]Fetching the repository
Python 3.12.14 CPU · 7 registered cases	Check out source	2026-10-03T04:10:10.6952017Z [command]/usr/bin/git -c protocol.version=2 fetch --no-tags --prune --no-recurse-submodules --depth=1 origin +0238b78fd886806eda5402117d97ed7b9a24b548:refs/remotes/origin/main
Python 3.12.14 CPU · 7 registered cases	Check out source	2026-10-03T04:10:12.6866328Z From https://github.com/gonos2k/AD4DVAR-radar
Python 3.12.14 CPU · 7 registered cases	Check out source	2026-10-03T04:10:12.6874841Z  * [new ref]         0238b78fd886806eda5402117d97ed7b9a24b548 -> origin/main
Python 3.12.14 CPU · 7 registered cases	Check out source	2026-10-03T04:10:12.6877519Z [command]/usr/bin/git branch --list --remote origin/main
Python 3.12.14 CPU · 7 registered cases	Check out source	2026-10-03T04:10:12.6909663Z   origin/main
Python 3.12.14 CPU · 7 registered cases	Check out source	2026-10-03T04:10:12.6920500Z [command]/usr/bin/git rev-parse refs/remotes/origin/main
Python 3.12.14 CPU · 7 registered cases	Check out source	2026-10-03T04:10:12.6950560Z 0238b78fd886806eda5402117d97ed7b9a24b548
Python 3.12.14 CPU · 7 registered cases	Check out source	2026-10-03T04:10:12.6955192Z ##[endgroup]
Python 3.12.14 CPU · 7 registered cases	Check out source	2026-10-03T04:10:12.6955741Z ##[group]Determining the checkout info
Python 3.12.14 CPU · 7 registered cases	Check out source	2026-10-03T04:10:12.6956582Z ##[endgroup]
Python 3.12.14 CPU · 7 registered cases	Check out source	2026-10-03T04:10:12.6961527Z [command]/usr/bin/git sparse-checkout disable
Python 3.12.14 CPU · 7 registered cases	Check out source	2026-10-03T04:10:12.7160008Z [command]/usr/bin/git config --local --unset-all extensions.worktreeConfig
Python 3.12.14 CPU · 7 registered cases	Check out source	2026-10-03T04:10:12.7201940Z ##[group]Checking out the ref
Python 3.12.14 CPU · 7 registered cases	Check out source	2026-10-03T04:10:12.7207064Z [command]/usr/bin/git checkout --progress --force -B main refs/remotes/origin/main
Python 3.12.14 CPU · 7 registered cases	Check out source	2026-10-03T04:10:12.9567255Z Switched to a new branch 'main'
Python 3.12.14 CPU · 7 registered cases	Check out source	2026-10-03T04:10:12.9591014Z branch 'main' set up to track 'origin/main'.
Python 3.12.14 CPU · 7 registered cases	Check out source	2026-10-03T04:10:12.9607697Z ##[endgroup]
Python 3.12.14 CPU · 7 registered cases	Check out source	2026-10-03T04:10:12.9665346Z [command]/usr/bin/git log -1 --format=%H
Python 3.12.14 CPU · 7 registered cases	Check out source	2026-10-03T04:10:12.9699165Z 0238b78fd886806eda5402117d97ed7b9a24b548
Python 3.12.14 CPU · 7 registered cases	Require the registered source tree	﻿2026-10-03T04:10:12.9919908Z ##[group]Run git fetch --depth=1 origin 42891a34859924ff1bd04a35dc1e8690b8bbe971
Python 3.12.14 CPU · 7 registered cases	Require the registered source tree	2026-10-03T04:10:12.9920612Z [36;1mgit fetch --depth=1 origin 42891a34859924ff1bd04a35dc1e8690b8bbe971[0m
Python 3.12.14 CPU · 7 registered cases	Require the registered source tree	2026-10-03T04:10:12.9921023Z [36;1mpython -I - <<'PY'[0m
Python 3.12.14 CPU · 7 registered cases	Require the registered source tree	2026-10-03T04:10:12.9921283Z [36;1mimport subprocess[0m
Python 3.12.14 CPU · 7 registered cases	Require the registered source tree	2026-10-03T04:10:12.9921526Z [36;1m[0m
Python 3.12.14 CPU · 7 registered cases	Require the registered source tree	2026-10-03T04:10:12.9921782Z [36;1manchor = "42891a34859924ff1bd04a35dc1e8690b8bbe971"[0m
Python 3.12.14 CPU · 7 registered cases	Require the registered source tree	2026-10-03T04:10:12.9922103Z [36;1mallowed = {[0m
Python 3.12.14 CPU · 7 registered cases	Require the registered source tree	2026-10-03T04:10:12.9922382Z [36;1m    ".github/workflows/targeted-linux-repair.yml",[0m
Python 3.12.14 CPU · 7 registered cases	Require the registered source tree	2026-10-03T04:10:12.9922927Z [36;1m    "graphify-out/fv-root-cause-20260919/RESEARCH_TARGETED_LINUX_REPAIR_PLAN_20261003.md",[0m
Python 3.12.14 CPU · 7 registered cases	Require the registered source tree	2026-10-03T04:10:12.9923387Z [36;1m}[0m
Python 3.12.14 CPU · 7 registered cases	Require the registered source tree	2026-10-03T04:10:12.9923667Z [36;1mchanged = set(subprocess.check_output([0m
Python 3.12.14 CPU · 7 registered cases	Require the registered source tree	2026-10-03T04:10:12.9924045Z [36;1m    ["git", "diff", "--name-only", anchor, "HEAD"], text=True,[0m
Python 3.12.14 CPU · 7 registered cases	Require the registered source tree	2026-10-03T04:10:12.9924385Z [36;1m).splitlines())[0m
Python 3.12.14 CPU · 7 registered cases	Require the registered source tree	2026-10-03T04:10:12.9924815Z [36;1massert changed <= allowed, f"unregistered source-tree changes: {sorted(changed - allowed)}"[0m
Python 3.12.14 CPU · 7 registered cases	Require the registered source tree	2026-10-03T04:10:12.9925325Z [36;1mPY[0m
Python 3.12.14 CPU · 7 registered cases	Require the registered source tree	2026-10-03T04:10:13.0203215Z shell: /usr/bin/bash -e {0}
Python 3.12.14 CPU · 7 registered cases	Require the registered source tree	2026-10-03T04:10:13.0203665Z ##[endgroup]
Python 3.12.14 CPU · 7 registered cases	Require the registered source tree	2026-10-03T04:10:13.4192784Z From https://github.com/gonos2k/AD4DVAR-radar
Python 3.12.14 CPU · 7 registered cases	Require the registered source tree	2026-10-03T04:10:13.4193342Z  * branch            42891a34859924ff1bd04a35dc1e8690b8bbe971 -> FETCH_HEAD
Python 3.12.14 CPU · 7 registered cases	Initialize evidence files	﻿2026-10-03T04:10:13.4547358Z ##[group]Run touch "$RUNNER_TEMP/targeted-linux-provenance.txt"
Python 3.12.14 CPU · 7 registered cases	Initialize evidence files	2026-10-03T04:10:13.4547902Z [36;1mtouch "$RUNNER_TEMP/targeted-linux-provenance.txt"[0m
Python 3.12.14 CPU · 7 registered cases	Initialize evidence files	2026-10-03T04:10:13.4548342Z [36;1mtouch "$RUNNER_TEMP/targeted-linux-pytest.log"[0m
Python 3.12.14 CPU · 7 registered cases	Initialize evidence files	2026-10-03T04:10:13.4548719Z [36;1mtouch "$RUNNER_TEMP/targeted-linux-results.xml"[0m
Python 3.12.14 CPU · 7 registered cases	Initialize evidence files	2026-10-03T04:10:13.4616616Z shell: /usr/bin/bash -e {0}
Python 3.12.14 CPU · 7 registered cases	Initialize evidence files	2026-10-03T04:10:13.4616954Z ##[endgroup]
Python 3.12.14 CPU · 7 registered cases	Set up Python 3.12.14	﻿2026-10-03T04:10:13.4860876Z ##[group]Run actions/setup-python@ece7cb06caefa5fff74198d8649806c4678c61a1
Python 3.12.14 CPU · 7 registered cases	Set up Python 3.12.14	2026-10-03T04:10:13.4861329Z with:
Python 3.12.14 CPU · 7 registered cases	Set up Python 3.12.14	2026-10-03T04:10:13.4861543Z   python-version: 3.12.14
Python 3.12.14 CPU · 7 registered cases	Set up Python 3.12.14	2026-10-03T04:10:13.4861838Z   check-latest: false
Python 3.12.14 CPU · 7 registered cases	Set up Python 3.12.14	2026-10-03T04:10:13.4864436Z   token: ***
Python 3.12.14 CPU · 7 registered cases	Set up Python 3.12.14	2026-10-03T04:10:13.4864671Z   update-environment: true
Python 3.12.14 CPU · 7 registered cases	Set up Python 3.12.14	2026-10-03T04:10:13.4864934Z   allow-prereleases: false
Python 3.12.14 CPU · 7 registered cases	Set up Python 3.12.14	2026-10-03T04:10:13.4865174Z   freethreaded: false
Python 3.12.14 CPU · 7 registered cases	Set up Python 3.12.14	2026-10-03T04:10:13.4865398Z ##[endgroup]
Python 3.12.14 CPU · 7 registered cases	Set up Python 3.12.14	2026-10-03T04:10:13.6361336Z ##[group]Installed versions
Python 3.12.14 CPU · 7 registered cases	Set up Python 3.12.14	2026-10-03T04:10:13.6574331Z Successfully set up CPython (3.12.14)
Python 3.12.14 CPU · 7 registered cases	Set up Python 3.12.14	2026-10-03T04:10:13.6575673Z ##[endgroup]
Python 3.12.14 CPU · 7 registered cases	Install the hashed Linux CPU closure	﻿2026-10-03T04:10:13.6702691Z ##[group]Run python -I -m pip install \
Python 3.12.14 CPU · 7 registered cases	Install the hashed Linux CPU closure	2026-10-03T04:10:13.6703325Z [36;1mpython -I -m pip install \[0m
Python 3.12.14 CPU · 7 registered cases	Install the hashed Linux CPU closure	2026-10-03T04:10:13.6703651Z [36;1m  --require-hashes \[0m
Python 3.12.14 CPU · 7 registered cases	Install the hashed Linux CPU closure	2026-10-03T04:10:13.6703907Z [36;1m  --only-binary=:all: \[0m
Python 3.12.14 CPU · 7 registered cases	Install the hashed Linux CPU closure	2026-10-03T04:10:13.6704292Z [36;1m  --extra-index-url https://download.pytorch.org/whl/cpu \[0m
Python 3.12.14 CPU · 7 registered cases	Install the hashed Linux CPU closure	2026-10-03T04:10:13.6704725Z [36;1m  --requirement requirements/ci-py312-linux.lock[0m
Python 3.12.14 CPU · 7 registered cases	Install the hashed Linux CPU closure	2026-10-03T04:10:13.6705060Z [36;1mpython -I -m pip install \[0m
Python 3.12.14 CPU · 7 registered cases	Install the hashed Linux CPU closure	2026-10-03T04:10:13.6705329Z [36;1m  --no-build-isolation \[0m
Python 3.12.14 CPU · 7 registered cases	Install the hashed Linux CPU closure	2026-10-03T04:10:13.6705580Z [36;1m  --no-deps \[0m
Python 3.12.14 CPU · 7 registered cases	Install the hashed Linux CPU closure	2026-10-03T04:10:13.6705818Z [36;1m  --editable .[0m
Python 3.12.14 CPU · 7 registered cases	Install the hashed Linux CPU closure	2026-10-03T04:10:13.6839882Z shell: /usr/bin/bash -e {0}
Python 3.12.14 CPU · 7 registered cases	Install the hashed Linux CPU closure	2026-10-03T04:10:13.6840375Z env:
Python 3.12.14 CPU · 7 registered cases	Install the hashed Linux CPU closure	2026-10-03T04:10:13.6840828Z   pythonLocation: /opt/hostedtoolcache/Python/3.12.14/x64
Python 3.12.14 CPU · 7 registered cases	Install the hashed Linux CPU closure	2026-10-03T04:10:13.6841616Z   PKG_CONFIG_PATH: /opt/hostedtoolcache/Python/3.12.14/x64/lib/pkgconfig
Python 3.12.14 CPU · 7 registered cases	Install the hashed Linux CPU closure	2026-10-03T04:10:13.6842363Z   Python_ROOT_DIR: /opt/hostedtoolcache/Python/3.12.14/x64
Python 3.12.14 CPU · 7 registered cases	Install the hashed Linux CPU closure	2026-10-03T04:10:13.6843110Z   Python2_ROOT_DIR: /opt/hostedtoolcache/Python/3.12.14/x64
Python 3.12.14 CPU · 7 registered cases	Install the hashed Linux CPU closure	2026-10-03T04:10:13.6843807Z   Python3_ROOT_DIR: /opt/hostedtoolcache/Python/3.12.14/x64
Python 3.12.14 CPU · 7 registered cases	Install the hashed Linux CPU closure	2026-10-03T04:10:13.6844509Z   LD_LIBRARY_PATH: /opt/hostedtoolcache/Python/3.12.14/x64/lib
Python 3.12.14 CPU · 7 registered cases	Install the hashed Linux CPU closure	2026-10-03T04:10:13.6845136Z ##[endgroup]
Python 3.12.14 CPU · 7 registered cases	Install the hashed Linux CPU closure	2026-10-03T04:10:17.2877835Z Looking in indexes: https://pypi.org/simple, https://download.pytorch.org/whl/cpu
Python 3.12.14 CPU · 7 registered cases	Install the hashed Linux CPU closure	2026-10-03T04:10:17.6478703Z Collecting basedpyright==1.39.9 (from -r requirements/ci-py312-linux.lock (line 5))
Python 3.12.14 CPU · 7 registered cases	Install the hashed Linux CPU closure	2026-10-03T04:10:17.7301464Z   Downloading basedpyright-1.39.9-py3-none-any.whl (13.4 MB)
Python 3.12.14 CPU · 7 registered cases	Install the hashed Linux CPU closure	2026-10-03T04:10:18.2843605Z      ━━━━━━━━━━━━━━━━━━━━━━━━━━━━━━━━━━━━━━━━ 13.4/13.4 MB 25.9 MB/s  0:00:00
Python 3.12.14 CPU · 7 registered cases	Install the hashed Linux CPU closure	2026-10-03T04:10:18.4247638Z Collecting boolean-py==5.0 (from -r requirements/ci-py312-linux.lock (line 9))
Python 3.12.14 CPU · 7 registered cases	Install the hashed Linux CPU closure	2026-10-03T04:10:18.4384580Z   Downloading boolean_py-5.0-py3-none-any.whl (26 kB)
Python 3.12.14 CPU · 7 registered cases	Install the hashed Linux CPU closure	2026-10-03T04:10:18.5428640Z Collecting build==1.5.0 (from -r requirements/ci-py312-linux.lock (line 13))
Python 3.12.14 CPU · 7 registered cases	Install the hashed Linux CPU closure	2026-10-03T04:10:18.5561974Z   Downloading build-1.5.0-py3-none-any.whl (26 kB)
Python 3.12.14 CPU · 7 registered cases	Install the hashed Linux CPU closure	2026-10-03T04:10:18.6668115Z Collecting cachecontrol==0.14.4 (from -r requirements/ci-py312-linux.lock (line 17))
Python 3.12.14 CPU · 7 registered cases	Install the hashed Linux CPU closure	2026-10-03T04:10:18.6802099Z   Downloading cachecontrol-0.14.4-py3-none-any.whl (22 kB)
Python 3.12.14 CPU · 7 registered cases	Install the hashed Linux CPU closure	2026-10-03T04:10:18.7564702Z Collecting certifi==2026.7.22 (from -r requirements/ci-py312-linux.lock (line 21))
Python 3.12.14 CPU · 7 registered cases	Install the hashed Linux CPU closure	2026-10-03T04:10:18.7710294Z   Downloading certifi-2026.7.22-py3-none-any.whl (136 kB)
Python 3.12.14 CPU · 7 registered cases	Install the hashed Linux CPU closure	2026-10-03T04:10:19.1061307Z Collecting cffi==2.1.1 (from -r requirements/ci-py312-linux.lock (line 25))
Python 3.12.14 CPU · 7 registered cases	Install the hashed Linux CPU closure	2026-10-03T04:10:19.1198191Z   Downloading cffi-2.1.1-cp312-cp312-manylinux2014_x86_64.manylinux_2_17_x86_64.whl (221 kB)
Python 3.12.14 CPU · 7 registered cases	Install the hashed Linux CPU closure	2026-10-03T04:10:19.2754826Z Collecting charset-normalizer==3.5.1 (from -r requirements/ci-py312-linux.lock (line 127))
Python 3.12.14 CPU · 7 registered cases	Install the hashed Linux CPU closure	2026-10-03T04:10:19.2891346Z   Downloading charset_normalizer-3.5.1-cp312-cp312-manylinux2014_x86_64.manylinux_2_17_x86_64.manylinux_2_28_x86_64.whl (248 kB)
Python 3.12.14 CPU · 7 registered cases	Install the hashed Linux CPU closure	2026-10-03T04:10:19.8118676Z Collecting cryptography==50.0.0 (from -r requirements/ci-py312-linux.lock (line 301))
Python 3.12.14 CPU · 7 registered cases	Install the hashed Linux CPU closure	2026-10-03T04:10:19.8251457Z   Downloading cryptography-50.0.0-cp311-abi3-manylinux_2_34_x86_64.whl (4.7 MB)
Python 3.12.14 CPU · 7 registered cases	Install the hashed Linux CPU closure	2026-10-03T04:10:19.8946535Z      ━━━━━━━━━━━━━━━━━━━━━━━━━━━━━━━━━━━━━━━━ 4.7/4.7 MB 68.1 MB/s  0:00:00
Python 3.12.14 CPU · 7 registered cases	Install the hashed Linux CPU closure	2026-10-03T04:10:20.1292227Z Collecting cyclonedx-python-lib==11.12.0 (from -r requirements/ci-py312-linux.lock (line 351))
Python 3.12.14 CPU · 7 registered cases	Install the hashed Linux CPU closure	2026-10-03T04:10:20.1468466Z   Downloading cyclonedx_python_lib-11.12.0-py3-none-any.whl (529 kB)
Python 3.12.14 CPU · 7 registered cases	Install the hashed Linux CPU closure	2026-10-03T04:10:20.1575072Z      ━━━━━━━━━━━━━━━━━━━━━━━━━━━━━━━━━━━━━━━━ 529.5/529.5 kB 55.2 MB/s  0:00:00
Python 3.12.14 CPU · 7 registered cases	Install the hashed Linux CPU closure	2026-10-03T04:10:20.3928016Z Collecting defusedxml==0.7.1 (from -r requirements/ci-py312-linux.lock (line 355))
Python 3.12.14 CPU · 7 registered cases	Install the hashed Linux CPU closure	2026-10-03T04:10:20.4061364Z   Downloading defusedxml-0.7.1-py2.py3-none-any.whl (25 kB)
Python 3.12.14 CPU · 7 registered cases	Install the hashed Linux CPU closure	2026-10-03T04:10:20.4523766Z Collecting filelock==3.32.3 (from -r requirements/ci-py312-linux.lock (line 359))
Python 3.12.14 CPU · 7 registered cases	Install the hashed Linux CPU closure	2026-10-03T04:10:20.4658420Z   Downloading filelock-3.32.3-py3-none-any.whl (98 kB)
Python 3.12.14 CPU · 7 registered cases	Install the hashed Linux CPU closure	2026-10-03T04:10:20.5102105Z Collecting fsspec==2026.7.0 (from -r requirements/ci-py312-linux.lock (line 367))
Python 3.12.14 CPU · 7 registered cases	Install the hashed Linux CPU closure	2026-10-03T04:10:20.5240832Z   Downloading fsspec-2026.7.0-py3-none-any.whl (206 kB)
Python 3.12.14 CPU · 7 registered cases	Install the hashed Linux CPU closure	2026-10-03T04:10:20.5705129Z Collecting idna==3.18 (from -r requirements/ci-py312-linux.lock (line 371))
Python 3.12.14 CPU · 7 registered cases	Install the hashed Linux CPU closure	2026-10-03T04:10:20.5843088Z   Downloading idna-3.18-py3-none-any.whl (65 kB)
Python 3.12.14 CPU · 7 registered cases	Install the hashed Linux CPU closure	2026-10-03T04:10:20.8120781Z Collecting iniconfig==2.3.0 (from -r requirements/ci-py312-linux.lock (line 375))
Python 3.12.14 CPU · 7 registered cases	Install the hashed Linux CPU closure	2026-10-03T04:10:20.8256375Z   Downloading iniconfig-2.3.0-py3-none-any.whl (7.5 kB)
Python 3.12.14 CPU · 7 registered cases	Install the hashed Linux CPU closure	2026-10-03T04:10:20.8535126Z Collecting jinja2==3.1.6 (from -r requirements/ci-py312-linux.lock (line 379))
Python 3.12.14 CPU · 7 registered cases	Install the hashed Linux CPU closure	2026-10-03T04:10:20.8674785Z   Downloading jinja2-3.1.6-py3-none-any.whl (134 kB)
Python 3.12.14 CPU · 7 registered cases	Install the hashed Linux CPU closure	2026-10-03T04:10:21.0956757Z Collecting license-expression==30.4.4 (from -r requirements/ci-py312-linux.lock (line 383))
Python 3.12.14 CPU · 7 registered cases	Install the hashed Linux CPU closure	2026-10-03T04:10:21.1167293Z   Downloading license_expression-30.4.4-py3-none-any.whl (120 kB)
Python 3.12.14 CPU · 7 registered cases	Install the hashed Linux CPU closure	2026-10-03T04:10:21.2907540Z Collecting markdown-it-py==4.2.0 (from -r requirements/ci-py312-linux.lock (line 387))
Python 3.12.14 CPU · 7 registered cases	Install the hashed Linux CPU closure	2026-10-03T04:10:21.3047103Z   Downloading markdown_it_py-4.2.0-py3-none-any.whl (91 kB)
Python 3.12.14 CPU · 7 registered cases	Install the hashed Linux CPU closure	2026-10-03T04:10:21.3925477Z Collecting markupsafe==3.0.3 (from -r requirements/ci-py312-linux.lock (line 391))
Python 3.12.14 CPU · 7 registered cases	Install the hashed Linux CPU closure	2026-10-03T04:10:21.4061125Z   Downloading markupsafe-3.0.3-cp312-cp312-manylinux2014_x86_64.manylinux_2_17_x86_64.manylinux_2_28_x86_64.whl (22 kB)
Python 3.12.14 CPU · 7 registered cases	Install the hashed Linux CPU closure	2026-10-03T04:10:21.5004397Z Collecting mdurl==0.1.2 (from -r requirements/ci-py312-linux.lock (line 482))
Python 3.12.14 CPU · 7 registered cases	Install the hashed Linux CPU closure	2026-10-03T04:10:21.5139833Z   Downloading mdurl-0.1.2-py3-none-any.whl (10.0 kB)
Python 3.12.14 CPU · 7 registered cases	Install the hashed Linux CPU closure	2026-10-03T04:10:21.5491473Z Collecting mpmath==1.3.0 (from -r requirements/ci-py312-linux.lock (line 486))
Python 3.12.14 CPU · 7 registered cases	Install the hashed Linux CPU closure	2026-10-03T04:10:21.5620593Z   Downloading mpmath-1.3.0-py3-none-any.whl (536 kB)
Python 3.12.14 CPU · 7 registered cases	Install the hashed Linux CPU closure	2026-10-03T04:10:21.5703667Z      ━━━━━━━━━━━━━━━━━━━━━━━━━━━━━━━━━━━━━━━━ 536.2/536.2 kB 57.7 MB/s  0:00:00
Python 3.12.14 CPU · 7 registered cases	Install the hashed Linux CPU closure	2026-10-03T04:10:21.7388884Z Collecting msgpack==1.2.1 (from -r requirements/ci-py312-linux.lock (line 490))
Python 3.12.14 CPU · 7 registered cases	Install the hashed Linux CPU closure	2026-10-03T04:10:21.7530182Z   Downloading msgpack-1.2.1-cp312-cp312-manylinux2014_x86_64.manylinux_2_17_x86_64.manylinux_2_28_x86_64.whl (419 kB)
Python 3.12.14 CPU · 7 registered cases	Install the hashed Linux CPU closure	2026-10-03T04:10:21.8040980Z Collecting networkx==3.6.1 (from -r requirements/ci-py312-linux.lock (line 558))
Python 3.12.14 CPU · 7 registered cases	Install the hashed Linux CPU closure	2026-10-03T04:10:21.8179647Z   Downloading networkx-3.6.1-py3-none-any.whl (2.1 MB)
Python 3.12.14 CPU · 7 registered cases	Install the hashed Linux CPU closure	2026-10-03T04:10:21.8471735Z      ━━━━━━━━━━━━━━━━━━━━━━━━━━━━━━━━━━━━━━━━ 2.1/2.1 MB 69.0 MB/s  0:00:00
Python 3.12.14 CPU · 7 registered cases	Install the hashed Linux CPU closure	2026-10-03T04:10:21.9905518Z Collecting nodejs-wheel-binaries==24.16.0 (from -r requirements/ci-py312-linux.lock (line 562))
Python 3.12.14 CPU · 7 registered cases	Install the hashed Linux CPU closure	2026-10-03T04:10:22.0092246Z   Downloading nodejs_wheel_binaries-24.16.0-py2.py3-none-manylinux_2_28_x86_64.whl (60.7 MB)
Python 3.12.14 CPU · 7 registered cases	Install the hashed Linux CPU closure	2026-10-03T04:10:22.4205518Z      ━━━━━━━━━━━━━━━━━━━━━━━━━━━━━━━━━━━━━━━━ 60.7/60.7 MB 148.1 MB/s  0:00:00
Python 3.12.14 CPU · 7 registered cases	Install the hashed Linux CPU closure	2026-10-03T04:10:22.9944822Z Collecting numpy==2.2.6 (from -r requirements/ci-py312-linux.lock (line 573))
Python 3.12.14 CPU · 7 registered cases	Install the hashed Linux CPU closure	2026-10-03T04:10:23.0102694Z   Downloading numpy-2.2.6-cp312-cp312-manylinux_2_17_x86_64.manylinux2014_x86_64.whl (16.5 MB)
Python 3.12.14 CPU · 7 registered cases	Install the hashed Linux CPU closure	2026-10-03T04:10:23.1547184Z      ━━━━━━━━━━━━━━━━━━━━━━━━━━━━━━━━━━━━━━━━ 16.5/16.5 MB 114.7 MB/s  0:00:00
Python 3.12.14 CPU · 7 registered cases	Install the hashed Linux CPU closure	2026-10-03T04:10:23.2736168Z Collecting packageurl-python==0.17.6 (from -r requirements/ci-py312-linux.lock (line 632))
Python 3.12.14 CPU · 7 registered cases	Install the hashed Linux CPU closure	2026-10-03T04:10:23.2874714Z   Downloading packageurl_python-0.17.6-py3-none-any.whl (36 kB)
Python 3.12.14 CPU · 7 registered cases	Install the hashed Linux CPU closure	2026-10-03T04:10:23.3181097Z Collecting packaging==26.3 (from -r requirements/ci-py312-linux.lock (line 636))
Python 3.12.14 CPU · 7 registered cases	Install the hashed Linux CPU closure	2026-10-03T04:10:23.3324267Z   Downloading packaging-26.3-py3-none-any.whl (129 kB)
Python 3.12.14 CPU · 7 registered cases	Install the hashed Linux CPU closure	2026-10-03T04:10:23.3376795Z Requirement already satisfied: pip==26.2.1 in /opt/hostedtoolcache/Python/3.12.14/x64/lib/python3.12/site-packages (from -r requirements/ci-py312-linux.lock (line 645)) (26.2.1)
Python 3.12.14 CPU · 7 registered cases	Install the hashed Linux CPU closure	2026-10-03T04:10:23.5516719Z Collecting pip-api==0.0.34 (from -r requirements/ci-py312-linux.lock (line 649))
Python 3.12.14 CPU · 7 registered cases	Install the hashed Linux CPU closure	2026-10-03T04:10:23.5658510Z   Downloading pip_api-0.0.34-py3-none-any.whl (120 kB)
Python 3.12.14 CPU · 7 registered cases	Install the hashed Linux CPU closure	2026-10-03T04:10:23.6684555Z Collecting pip-audit==2.10.1 (from -r requirements/ci-py312-linux.lock (line 653))
Python 3.12.14 CPU · 7 registered cases	Install the hashed Linux CPU closure	2026-10-03T04:10:23.6824408Z   Downloading pip_audit-2.10.1-py3-none-any.whl (62 kB)
Python 3.12.14 CPU · 7 registered cases	Install the hashed Linux CPU closure	2026-10-03T04:10:23.7781017Z Collecting pip-requirements-parser==32.0.1 (from -r requirements/ci-py312-linux.lock (line 657))
Python 3.12.14 CPU · 7 registered cases	Install the hashed Linux CPU closure	2026-10-03T04:10:23.7922896Z   Downloading pip_requirements_parser-32.0.1-py3-none-any.whl (35 kB)
Python 3.12.14 CPU · 7 registered cases	Install the hashed Linux CPU closure	2026-10-03T04:10:23.9095881Z Collecting platformdirs==4.11.3 (from -r requirements/ci-py312-linux.lock (line 661))
Python 3.12.14 CPU · 7 registered cases	Install the hashed Linux CPU closure	2026-10-03T04:10:23.9231365Z   Downloading platformdirs-4.11.3-py3-none-any.whl (23 kB)
Python 3.12.14 CPU · 7 registered cases	Install the hashed Linux CPU closure	2026-10-03T04:10:24.0568613Z Collecting pluggy==1.6.0 (from -r requirements/ci-py312-linux.lock (line 665))
Python 3.12.14 CPU · 7 registered cases	Install the hashed Linux CPU closure	2026-10-03T04:10:24.0718550Z   Downloading pluggy-1.6.0-py3-none-any.whl (20 kB)
Python 3.12.14 CPU · 7 registered cases	Install the hashed Linux CPU closure	2026-10-03T04:10:25.1649883Z Collecting py-serializable==2.1.0 (from -r requirements/ci-py312-linux.lock (line 669))
Python 3.12.14 CPU · 7 registered cases	Install the hashed Linux CPU closure	2026-10-03T04:10:25.1795925Z   Downloading py_serializable-2.1.0-py3-none-any.whl (23 kB)
Python 3.12.14 CPU · 7 registered cases	Install the hashed Linux CPU closure	2026-10-03T04:10:25.4050017Z Collecting pycparser==3.0 (from -r requirements/ci-py312-linux.lock (line 673))
Python 3.12.14 CPU · 7 registered cases	Install the hashed Linux CPU closure	2026-10-03T04:10:25.4199719Z   Downloading pycparser-3.0-py3-none-any.whl (48 kB)
Python 3.12.14 CPU · 7 registered cases	Install the hashed Linux CPU closure	2026-10-03T04:10:25.6535601Z Collecting pygments==2.20.0 (from -r requirements/ci-py312-linux.lock (line 677))
Python 3.12.14 CPU · 7 registered cases	Install the hashed Linux CPU closure	2026-10-03T04:10:25.6676037Z   Downloading pygments-2.20.0-py3-none-any.whl (1.2 MB)
Python 3.12.14 CPU · 7 registered cases	Install the hashed Linux CPU closure	2026-10-03T04:10:25.6787462Z      ━━━━━━━━━━━━━━━━━━━━━━━━━━━━━━━━━━━━━━━━ 1.2/1.2 MB 112.1 MB/s  0:00:00
Python 3.12.14 CPU · 7 registered cases	Install the hashed Linux CPU closure	2026-10-03T04:10:25.7813576Z Collecting pyparsing==3.3.2 (from -r requirements/ci-py312-linux.lock (line 683))
Python 3.12.14 CPU · 7 registered cases	Install the hashed Linux CPU closure	2026-10-03T04:10:25.7944794Z   Downloading pyparsing-3.3.2-py3-none-any.whl (122 kB)
Python 3.12.14 CPU · 7 registered cases	Install the hashed Linux CPU closure	2026-10-03T04:10:26.0205529Z Collecting pyproject-hooks==1.2.0 (from -r requirements/ci-py312-linux.lock (line 687))
Python 3.12.14 CPU · 7 registered cases	Install the hashed Linux CPU closure	2026-10-03T04:10:26.0394515Z   Downloading pyproject_hooks-1.2.0-py3-none-any.whl (10 kB)
Python 3.12.14 CPU · 7 registered cases	Install the hashed Linux CPU closure	2026-10-03T04:10:26.1512268Z Collecting pytest==9.1.1 (from -r requirements/ci-py312-linux.lock (line 691))
Python 3.12.14 CPU · 7 registered cases	Install the hashed Linux CPU closure	2026-10-03T04:10:26.1647716Z   Downloading pytest-9.1.1-py3-none-any.whl (386 kB)
Python 3.12.14 CPU · 7 registered cases	Install the hashed Linux CPU closure	2026-10-03T04:10:26.2018847Z Collecting requests==2.34.2 (from -r requirements/ci-py312-linux.lock (line 695))
Python 3.12.14 CPU · 7 registered cases	Install the hashed Linux CPU closure	2026-10-03T04:10:26.2154930Z   Downloading requests-2.34.2-py3-none-any.whl (73 kB)
Python 3.12.14 CPU · 7 registered cases	Install the hashed Linux CPU closure	2026-10-03T04:10:26.3743901Z Collecting rich==15.0.0 (from -r requirements/ci-py312-linux.lock (line 701))
Python 3.12.14 CPU · 7 registered cases	Install the hashed Linux CPU closure	2026-10-03T04:10:26.3914433Z   Downloading rich-15.0.0-py3-none-any.whl (310 kB)
Python 3.12.14 CPU · 7 registered cases	Install the hashed Linux CPU closure	2026-10-03T04:10:26.5131775Z Collecting setuptools==84.0.0 (from -r requirements/ci-py312-linux.lock (line 705))
Python 3.12.14 CPU · 7 registered cases	Install the hashed Linux CPU closure	2026-10-03T04:10:26.5269350Z   Downloading setuptools-84.0.0-py3-none-any.whl (818 kB)
Python 3.12.14 CPU · 7 registered cases	Install the hashed Linux CPU closure	2026-10-03T04:10:26.5345802Z      ━━━━━━━━━━━━━━━━━━━━━━━━━━━━━━━━━━━━━━━━ 818.2/818.2 kB 116.5 MB/s  0:00:00
Python 3.12.14 CPU · 7 registered cases	Install the hashed Linux CPU closure	2026-10-03T04:10:26.6362138Z Collecting sortedcontainers==2.4.0 (from -r requirements/ci-py312-linux.lock (line 711))
Python 3.12.14 CPU · 7 registered cases	Install the hashed Linux CPU closure	2026-10-03T04:10:26.6496615Z   Downloading sortedcontainers-2.4.0-py2.py3-none-any.whl (29 kB)
Python 3.12.14 CPU · 7 registered cases	Install the hashed Linux CPU closure	2026-10-03T04:10:26.6857608Z Collecting sympy==1.14.0 (from -r requirements/ci-py312-linux.lock (line 715))
Python 3.12.14 CPU · 7 registered cases	Install the hashed Linux CPU closure	2026-10-03T04:10:26.7149285Z   Downloading sympy-1.14.0-py3-none-any.whl (6.3 MB)
Python 3.12.14 CPU · 7 registered cases	Install the hashed Linux CPU closure	2026-10-03T04:10:26.7734211Z      ━━━━━━━━━━━━━━━━━━━━━━━━━━━━━━━━━━━━━━━━ 6.3/6.3 MB 126.3 MB/s  0:00:00
Python 3.12.14 CPU · 7 registered cases	Install the hashed Linux CPU closure	2026-10-03T04:10:26.8883653Z Collecting tomli==2.4.1 (from -r requirements/ci-py312-linux.lock (line 719))
Python 3.12.14 CPU · 7 registered cases	Install the hashed Linux CPU closure	2026-10-03T04:10:26.9037642Z   Downloading tomli-2.4.1-cp312-cp312-manylinux2014_x86_64.manylinux_2_17_x86_64.manylinux_2_28_x86_64.whl (253 kB)
Python 3.12.14 CPU · 7 registered cases	Install the hashed Linux CPU closure	2026-10-03T04:10:27.1198568Z Collecting tomli-w==1.2.0 (from -r requirements/ci-py312-linux.lock (line 768))
Python 3.12.14 CPU · 7 registered cases	Install the hashed Linux CPU closure	2026-10-03T04:10:27.1364014Z   Downloading tomli_w-1.2.0-py3-none-any.whl (6.7 kB)
Python 3.12.14 CPU · 7 registered cases	Install the hashed Linux CPU closure	2026-10-03T04:10:27.2876930Z Collecting torch==2.13.0+cpu (from -r requirements/ci-py312-linux.lock (line 772))
Python 3.12.14 CPU · 7 registered cases	Install the hashed Linux CPU closure	2026-10-03T04:10:27.3511209Z   Downloading torch-2.13.0%2Bcpu-cp312-cp312-manylinux_2_28_x86_64.whl (191.8 MB)
Python 3.12.14 CPU · 7 registered cases	Install the hashed Linux CPU closure	2026-10-03T04:10:28.1915772Z      ━━━━━━━━━━━━━━━━━━━━━━━━━━━━━━━━━━━━━━━━ 191.8/191.8 MB 229.8 MB/s  0:00:00
Python 3.12.14 CPU · 7 registered cases	Install the hashed Linux CPU closure	2026-10-03T04:10:28.4277493Z Collecting typing-extensions==4.16.0 (from -r requirements/ci-py312-linux.lock (line 807))
Python 3.12.14 CPU · 7 registered cases	Install the hashed Linux CPU closure	2026-10-03T04:10:28.4414725Z   Downloading typing_extensions-4.16.0-py3-none-any.whl (45 kB)
Python 3.12.14 CPU · 7 registered cases	Install the hashed Linux CPU closure	2026-10-03T04:10:28.4730192Z Collecting urllib3==2.8.0 (from -r requirements/ci-py312-linux.lock (line 813))
Python 3.12.14 CPU · 7 registered cases	Install the hashed Linux CPU closure	2026-10-03T04:10:28.4910295Z   Downloading urllib3-2.8.0-py3-none-any.whl (135 kB)
Python 3.12.14 CPU · 7 registered cases	Install the hashed Linux CPU closure	2026-10-03T04:10:28.5918342Z Collecting wheel==0.46.3 (from -r requirements/ci-py312-linux.lock (line 817))
Python 3.12.14 CPU · 7 registered cases	Install the hashed Linux CPU closure	2026-10-03T04:10:28.6055038Z   Downloading wheel-0.46.3-py3-none-any.whl (30 kB)
Python 3.12.14 CPU · 7 registered cases	Install the hashed Linux CPU closure	2026-10-03T04:10:29.0989752Z Installing collected packages: sortedcontainers, mpmath, boolean-py, urllib3, typing-extensions, tomli-w, tomli, sympy, setuptools, pyproject-hooks, pyparsing, pygments, pycparser, pluggy, platformdirs, pip-api, packaging, packageurl-python, numpy, nodejs-wheel-binaries, networkx, msgpack, mdurl, markupsafe, license-expression, iniconfig, idna, fsspec, filelock, defusedxml, charset-normalizer, certifi, wheel, requests, pytest, py-serializable, pip-requirements-parser, markdown-it-py, jinja2, cffi, build, basedpyright, torch, rich, cyclonedx-python-lib, cryptography, cachecontrol, pip-audit
Python 3.12.14 CPU · 7 registered cases	Install the hashed Linux CPU closure	2026-10-03T04:10:57.8055764Z 
Python 3.12.14 CPU · 7 registered cases	Install the hashed Linux CPU closure	2026-10-03T04:10:57.8105358Z Successfully installed basedpyright-1.39.9 boolean-py-5.0 build-1.5.0 cachecontrol-0.14.4 certifi-2026.7.22 cffi-2.1.1 charset-normalizer-3.5.1 cryptography-50.0.0 cyclonedx-python-lib-11.12.0 defusedxml-0.7.1 filelock-3.32.3 fsspec-2026.7.0 idna-3.18 iniconfig-2.3.0 jinja2-3.1.6 license-expression-30.4.4 markdown-it-py-4.2.0 markupsafe-3.0.3 mdurl-0.1.2 mpmath-1.3.0 msgpack-1.2.1 networkx-3.6.1 nodejs-wheel-binaries-24.16.0 numpy-2.2.6 packageurl-python-0.17.6 packaging-26.3 pip-api-0.0.34 pip-audit-2.10.1 pip-requirements-parser-32.0.1 platformdirs-4.11.3 pluggy-1.6.0 py-serializable-2.1.0 pycparser-3.0 pygments-2.20.0 pyparsing-3.3.2 pyproject-hooks-1.2.0 pytest-9.1.1 requests-2.34.2 rich-15.0.0 setuptools-84.0.0 sortedcontainers-2.4.0 sympy-1.14.0 tomli-2.4.1 tomli-w-1.2.0 torch-2.13.0+cpu typing-extensions-4.16.0 urllib3-2.8.0 wheel-0.46.3
Python 3.12.14 CPU · 7 registered cases	Install the hashed Linux CPU closure	2026-10-03T04:10:58.8762439Z Obtaining file:///home/runner/work/AD4DVAR-radar/AD4DVAR-radar
Python 3.12.14 CPU · 7 registered cases	Install the hashed Linux CPU closure	2026-10-03T04:10:58.8774769Z   Checking if build backend supports build_editable: started
Python 3.12.14 CPU · 7 registered cases	Install the hashed Linux CPU closure	2026-10-03T04:10:59.1048654Z   Checking if build backend supports build_editable: finished with status 'done'
Python 3.12.14 CPU · 7 registered cases	Install the hashed Linux CPU closure	2026-10-03T04:10:59.1058842Z   Preparing editable metadata (pyproject.toml): started
Python 3.12.14 CPU · 7 registered cases	Install the hashed Linux CPU closure	2026-10-03T04:10:59.3850242Z   Preparing editable metadata (pyproject.toml): finished with status 'done'
Python 3.12.14 CPU · 7 registered cases	Install the hashed Linux CPU closure	2026-10-03T04:10:59.3957760Z Building wheels for collected packages: advar-radar-nowcast
Python 3.12.14 CPU · 7 registered cases	Install the hashed Linux CPU closure	2026-10-03T04:10:59.3965818Z   Building editable for advar-radar-nowcast (pyproject.toml): started
Python 3.12.14 CPU · 7 registered cases	Install the hashed Linux CPU closure	2026-10-03T04:10:59.6982272Z   Building editable for advar-radar-nowcast (pyproject.toml): finished with status 'done'
Python 3.12.14 CPU · 7 registered cases	Install the hashed Linux CPU closure	2026-10-03T04:10:59.6990920Z   Created wheel for advar-radar-nowcast: filename=advar_radar_nowcast-0.114.0-0.editable-py3-none-any.whl size=63186 sha256=2eb9063420e4c097c051ebc07d48a9818c57c2cdded4e9d0ee115627e811706d
Python 3.12.14 CPU · 7 registered cases	Install the hashed Linux CPU closure	2026-10-03T04:10:59.6993687Z   Stored in directory: /tmp/pip-ephem-wheel-cache-5i1edt3n/wheels/1b/17/88/759e7a703f550adf36506436df8ea413a3c2e2eb8d99fc9f9a
Python 3.12.14 CPU · 7 registered cases	Install the hashed Linux CPU closure	2026-10-03T04:10:59.7085366Z Successfully built advar-radar-nowcast
Python 3.12.14 CPU · 7 registered cases	Install the hashed Linux CPU closure	2026-10-03T04:10:59.7199945Z Installing collected packages: advar-radar-nowcast
Python 3.12.14 CPU · 7 registered cases	Install the hashed Linux CPU closure	2026-10-03T04:10:59.7324967Z Successfully installed advar-radar-nowcast-0.114.0
Python 3.12.14 CPU · 7 registered cases	Record and assert the tested runtime	﻿2026-10-03T04:10:59.7925520Z ##[group]Run python -I - <<'PY' | tee "$PROVENANCE_PATH"
Python 3.12.14 CPU · 7 registered cases	Record and assert the tested runtime	2026-10-03T04:10:59.7926032Z [36;1mpython -I - <<'PY' | tee "$PROVENANCE_PATH"[0m
Python 3.12.14 CPU · 7 registered cases	Record and assert the tested runtime	2026-10-03T04:10:59.7926347Z [36;1mimport hashlib[0m
Python 3.12.14 CPU · 7 registered cases	Record and assert the tested runtime	2026-10-03T04:10:59.7926583Z [36;1mimport platform[0m
Python 3.12.14 CPU · 7 registered cases	Record and assert the tested runtime	2026-10-03T04:10:59.7926815Z [36;1mimport subprocess[0m
Python 3.12.14 CPU · 7 registered cases	Record and assert the tested runtime	2026-10-03T04:10:59.7927041Z [36;1mimport sys[0m
Python 3.12.14 CPU · 7 registered cases	Record and assert the tested runtime	2026-10-03T04:10:59.7927263Z [36;1mfrom pathlib import Path[0m
Python 3.12.14 CPU · 7 registered cases	Record and assert the tested runtime	2026-10-03T04:10:59.7927511Z [36;1m[0m
Python 3.12.14 CPU · 7 registered cases	Record and assert the tested runtime	2026-10-03T04:10:59.7927702Z [36;1mimport pytest[0m
Python 3.12.14 CPU · 7 registered cases	Record and assert the tested runtime	2026-10-03T04:10:59.7927930Z [36;1mimport torch[0m
Python 3.12.14 CPU · 7 registered cases	Record and assert the tested runtime	2026-10-03T04:10:59.7928131Z [36;1m[0m
Python 3.12.14 CPU · 7 registered cases	Record and assert the tested runtime	2026-10-03T04:10:59.7928392Z [36;1massert sys.version_info[:3] == (3, 12, 14), sys.version[0m
Python 3.12.14 CPU · 7 registered cases	Record and assert the tested runtime	2026-10-03T04:10:59.7929018Z [36;1massert pytest.__version__ == "9.1.1", pytest.__version__[0m
Python 3.12.14 CPU · 7 registered cases	Record and assert the tested runtime	2026-10-03T04:10:59.7929639Z [36;1massert torch.__version__ == "2.13.0+cpu", torch.__version__[0m
Python 3.12.14 CPU · 7 registered cases	Record and assert the tested runtime	2026-10-03T04:10:59.7930181Z [36;1mprint(f"commit={subprocess.check_output(['git', 'rev-parse', 'HEAD'], text=True).strip()}")[0m
Python 3.12.14 CPU · 7 registered cases	Record and assert the tested runtime	2026-10-03T04:10:59.7930728Z [36;1mprint(f"python={platform.python_version()}")[0m
Python 3.12.14 CPU · 7 registered cases	Record and assert the tested runtime	2026-10-03T04:10:59.7931069Z [36;1mprint(f"platform={platform.platform()}")[0m
Python 3.12.14 CPU · 7 registered cases	Record and assert the tested runtime	2026-10-03T04:10:59.7931389Z [36;1mprint(f"pytest={pytest.__version__}")[0m
Python 3.12.14 CPU · 7 registered cases	Record and assert the tested runtime	2026-10-03T04:10:59.7931689Z [36;1mprint(f"torch={torch.__version__}")[0m
Python 3.12.14 CPU · 7 registered cases	Record and assert the tested runtime	2026-10-03T04:10:59.7931965Z [36;1mexpected = {[0m
Python 3.12.14 CPU · 7 registered cases	Record and assert the tested runtime	2026-10-03T04:10:59.7932434Z [36;1m    "requirements/ci-py312-linux.lock": "78b6f2a249d00c19d6e21028e025dd716a754e6dbacaf947a8fba11ad5b92718",[0m
Python 3.12.14 CPU · 7 registered cases	Record and assert the tested runtime	2026-10-03T04:10:59.7933162Z [36;1m    "src/advar/transport.py": "604709c561700def1f78b1eaac0beeb304d0b82554ea20bb16f8bb4fb44ae6bf",[0m
Python 3.12.14 CPU · 7 registered cases	Record and assert the tested runtime	2026-10-03T04:10:59.7933857Z [36;1m    "src/advar/variational.py": "e871557463090abf185f6f29ef73c3813cf503497cac25d10a4f500f31f1824a",[0m
Python 3.12.14 CPU · 7 registered cases	Record and assert the tested runtime	2026-10-03T04:10:59.7934588Z [36;1m    "src/advar/fv_sensitivity.py": "2fdc5d4683fa57ebad9f987e28f92d46ead82f07f751592c98ea98a66dc7905d",[0m
Python 3.12.14 CPU · 7 registered cases	Record and assert the tested runtime	2026-10-03T04:10:59.7935410Z [36;1m    "examples/weather_scenarios/fv_minmod_local_path_probe.py": "1ddb5c9b0680c72fb682af6eedaaee44aab87288ae691d12368da5e4fb4f8c05",[0m
Python 3.12.14 CPU · 7 registered cases	Record and assert the tested runtime	2026-10-03T04:10:59.7936272Z [36;1m    "tests/test_fv_observation_response.py": "7b7be8f9b73de82b9f2767fa7aec0051102a7747b512af8bbc524d328c719123",[0m
Python 3.12.14 CPU · 7 registered cases	Record and assert the tested runtime	2026-10-03T04:10:59.7937045Z [36;1m    "tests/test_fv_research_problem.py": "8d4ecaa3d08d39a0eec6bb36f0434c937504cbab81a03ca63652ee0a689f5011",[0m
Python 3.12.14 CPU · 7 registered cases	Record and assert the tested runtime	2026-10-03T04:10:59.7937799Z [36;1m    "tests/test_fv_concurrent_response.py": "6f9e8b850c49b26df9fde907d74a9e467150edd9ba288f8b118c98bf222d1488",[0m
Python 3.12.14 CPU · 7 registered cases	Record and assert the tested runtime	2026-10-03T04:10:59.7938573Z [36;1m    "tests/test_fv_partial_face_event_runner.py": "a537533183ddbb40fa82409c9804eb70a0c20da06cec21293261ebcb2e5fc05a",[0m
Python 3.12.14 CPU · 7 registered cases	Record and assert the tested runtime	2026-10-03T04:10:59.7939497Z [36;1m    "tests/test_fv_response_job_reconcile.py": "6801a825154fd9bdfe34af2ebcb46a3517898541943f9445e2abb865f60ffd0d",[0m
Python 3.12.14 CPU · 7 registered cases	Record and assert the tested runtime	2026-10-03T04:10:59.7940292Z [36;1m    "tests/test_fv_minmod_local_path_probe.py": "3614f5665901c2561df7d87e955b6a4019a406b514d23776e030da31a017d714",[0m
Python 3.12.14 CPU · 7 registered cases	Record and assert the tested runtime	2026-10-03T04:10:59.7940798Z [36;1m}[0m
Python 3.12.14 CPU · 7 registered cases	Record and assert the tested runtime	2026-10-03T04:10:59.7941138Z [36;1mfor name, expected_sha256 in expected.items():[0m
Python 3.12.14 CPU · 7 registered cases	Record and assert the tested runtime	2026-10-03T04:10:59.7941577Z [36;1m    digest = hashlib.sha256(Path(name).read_bytes()).hexdigest()[0m
Python 3.12.14 CPU · 7 registered cases	Record and assert the tested runtime	2026-10-03T04:10:59.7941965Z [36;1m    print(f"sha256:{name}={digest}")[0m
Python 3.12.14 CPU · 7 registered cases	Record and assert the tested runtime	2026-10-03T04:10:59.7942362Z [36;1m    assert digest == expected_sha256, f"registered source changed: {name}"[0m
Python 3.12.14 CPU · 7 registered cases	Record and assert the tested runtime	2026-10-03T04:10:59.7942913Z [36;1mdirty = subprocess.check_output(["git", "status", "--porcelain"], text=True).strip()[0m
Python 3.12.14 CPU · 7 registered cases	Record and assert the tested runtime	2026-10-03T04:10:59.7943415Z [36;1massert not dirty, f"checkout is not clean: {dirty}"[0m
Python 3.12.14 CPU · 7 registered cases	Record and assert the tested runtime	2026-10-03T04:10:59.7943737Z [36;1mPY[0m
Python 3.12.14 CPU · 7 registered cases	Record and assert the tested runtime	2026-10-03T04:10:59.8008390Z shell: /usr/bin/bash -e {0}
Python 3.12.14 CPU · 7 registered cases	Record and assert the tested runtime	2026-10-03T04:10:59.8008669Z env:
Python 3.12.14 CPU · 7 registered cases	Record and assert the tested runtime	2026-10-03T04:10:59.8008944Z   pythonLocation: /opt/hostedtoolcache/Python/3.12.14/x64
Python 3.12.14 CPU · 7 registered cases	Record and assert the tested runtime	2026-10-03T04:10:59.8009546Z   PKG_CONFIG_PATH: /opt/hostedtoolcache/Python/3.12.14/x64/lib/pkgconfig
Python 3.12.14 CPU · 7 registered cases	Record and assert the tested runtime	2026-10-03T04:10:59.8009995Z   Python_ROOT_DIR: /opt/hostedtoolcache/Python/3.12.14/x64
Python 3.12.14 CPU · 7 registered cases	Record and assert the tested runtime	2026-10-03T04:10:59.8010634Z   Python2_ROOT_DIR: /opt/hostedtoolcache/Python/3.12.14/x64
Python 3.12.14 CPU · 7 registered cases	Record and assert the tested runtime	2026-10-03T04:10:59.8011014Z   Python3_ROOT_DIR: /opt/hostedtoolcache/Python/3.12.14/x64
Python 3.12.14 CPU · 7 registered cases	Record and assert the tested runtime	2026-10-03T04:10:59.8011413Z   LD_LIBRARY_PATH: /opt/hostedtoolcache/Python/3.12.14/x64/lib
Python 3.12.14 CPU · 7 registered cases	Record and assert the tested runtime	2026-10-03T04:10:59.8011897Z   PROVENANCE_PATH: /home/runner/work/_temp/targeted-linux-provenance.txt
Python 3.12.14 CPU · 7 registered cases	Record and assert the tested runtime	2026-10-03T04:10:59.8012278Z ##[endgroup]
Python 3.12.14 CPU · 7 registered cases	Record and assert the tested runtime	2026-10-03T04:11:02.1212139Z commit=0238b78fd886806eda5402117d97ed7b9a24b548
Python 3.12.14 CPU · 7 registered cases	Record and assert the tested runtime	2026-10-03T04:11:02.1212757Z python=3.12.14
Python 3.12.14 CPU · 7 registered cases	Record and assert the tested runtime	2026-10-03T04:11:02.1213053Z platform=Linux-6.17.0-1022-azure-x86_64-with-glibc2.39
Python 3.12.14 CPU · 7 registered cases	Record and assert the tested runtime	2026-10-03T04:11:02.1213390Z pytest=9.1.1
Python 3.12.14 CPU · 7 registered cases	Record and assert the tested runtime	2026-10-03T04:11:02.1213836Z torch=2.13.0+cpu
Python 3.12.14 CPU · 7 registered cases	Record and assert the tested runtime	2026-10-03T04:11:02.1214297Z sha256:requirements/ci-py312-linux.lock=78b6f2a249d00c19d6e21028e025dd716a754e6dbacaf947a8fba11ad5b92718
Python 3.12.14 CPU · 7 registered cases	Record and assert the tested runtime	2026-10-03T04:11:02.1215008Z sha256:src/advar/transport.py=604709c561700def1f78b1eaac0beeb304d0b82554ea20bb16f8bb4fb44ae6bf
Python 3.12.14 CPU · 7 registered cases	Record and assert the tested runtime	2026-10-03T04:11:02.1215691Z sha256:src/advar/variational.py=e871557463090abf185f6f29ef73c3813cf503497cac25d10a4f500f31f1824a
Python 3.12.14 CPU · 7 registered cases	Record and assert the tested runtime	2026-10-03T04:11:02.1216361Z sha256:src/advar/fv_sensitivity.py=2fdc5d4683fa57ebad9f987e28f92d46ead82f07f751592c98ea98a66dc7905d
Python 3.12.14 CPU · 7 registered cases	Record and assert the tested runtime	2026-10-03T04:11:02.1217167Z sha256:examples/weather_scenarios/fv_minmod_local_path_probe.py=1ddb5c9b0680c72fb682af6eedaaee44aab87288ae691d12368da5e4fb4f8c05
Python 3.12.14 CPU · 7 registered cases	Record and assert the tested runtime	2026-10-03T04:11:02.1218010Z sha256:tests/test_fv_observation_response.py=7b7be8f9b73de82b9f2767fa7aec0051102a7747b512af8bbc524d328c719123
Python 3.12.14 CPU · 7 registered cases	Record and assert the tested runtime	2026-10-03T04:11:02.1218771Z sha256:tests/test_fv_research_problem.py=8d4ecaa3d08d39a0eec6bb36f0434c937504cbab81a03ca63652ee0a689f5011
Python 3.12.14 CPU · 7 registered cases	Record and assert the tested runtime	2026-10-03T04:11:02.1219776Z sha256:tests/test_fv_concurrent_response.py=6f9e8b850c49b26df9fde907d74a9e467150edd9ba288f8b118c98bf222d1488
Python 3.12.14 CPU · 7 registered cases	Record and assert the tested runtime	2026-10-03T04:11:02.1220560Z sha256:tests/test_fv_partial_face_event_runner.py=a537533183ddbb40fa82409c9804eb70a0c20da06cec21293261ebcb2e5fc05a
Python 3.12.14 CPU · 7 registered cases	Record and assert the tested runtime	2026-10-03T04:11:02.1221347Z sha256:tests/test_fv_response_job_reconcile.py=6801a825154fd9bdfe34af2ebcb46a3517898541943f9445e2abb865f60ffd0d
Python 3.12.14 CPU · 7 registered cases	Record and assert the tested runtime	2026-10-03T04:11:02.1222121Z sha256:tests/test_fv_minmod_local_path_probe.py=3614f5665901c2561df7d87e955b6a4019a406b514d23776e030da31a017d714
Python 3.12.14 CPU · 7 registered cases	Run the seven registered Linux cases	﻿2026-10-03T04:11:02.5117438Z ##[group]Run set -o pipefail
Python 3.12.14 CPU · 7 registered cases	Run the seven registered Linux cases	2026-10-03T04:11:02.5117776Z [36;1mset -o pipefail[0m
Python 3.12.14 CPU · 7 registered cases	Run the seven registered Linux cases	2026-10-03T04:11:02.5118064Z [36;1mtimeout --signal=TERM --kill-after=10s 10m \[0m
Python 3.12.14 CPU · 7 registered cases	Run the seven registered Linux cases	2026-10-03T04:11:02.5118441Z [36;1m  env -u PYTEST_ADDOPTS python -I -m pytest -q \[0m
Python 3.12.14 CPU · 7 registered cases	Run the seven registered Linux cases	2026-10-03T04:11:02.5118852Z [36;1m    --junitxml="$RUNNER_TEMP/targeted-linux-results.xml" \[0m
Python 3.12.14 CPU · 7 registered cases	Run the seven registered Linux cases	2026-10-03T04:11:02.5119894Z [36;1m    'tests/test_fv_observation_response.py::test_parameterized_background_matches_polished_centered_reanalysis' \[0m
Python 3.12.14 CPU · 7 registered cases	Run the seven registered Linux cases	2026-10-03T04:11:02.5120726Z [36;1m    'tests/test_fv_research_problem.py::test_common_objective_score_and_derivatives_match_frozen_reference[4x5]' \[0m
Python 3.12.14 CPU · 7 registered cases	Run the seven registered Linux cases	2026-10-03T04:11:02.5121647Z [36;1m    'tests/test_fv_concurrent_response.py::test_case_archives_direction_branch_and_nominal_gradient[_small_case-archive_names0-direction_slice0-54]' \[0m
Python 3.12.14 CPU · 7 registered cases	Run the seven registered Linux cases	2026-10-03T04:11:02.5122577Z [36;1m    'tests/test_fv_partial_face_event_runner.py::test_runner_launches_exact_guarded_command_and_records_completion' \[0m
Python 3.12.14 CPU · 7 registered cases	Run the seven registered Linux cases	2026-10-03T04:11:02.5123422Z [36;1m    'tests/test_fv_response_job_reconcile.py::test_consistent_terminal_lifecycle_allows_candidate_and_is_idempotent' \[0m
Python 3.12.14 CPU · 7 registered cases	Run the seven registered Linux cases	2026-10-03T04:11:02.5124212Z [36;1m    'tests/test_fv_minmod_local_path_probe.py::test_new_direction_clears_old_pairs_and_computes_its_cross' \[0m
Python 3.12.14 CPU · 7 registered cases	Run the seven registered Linux cases	2026-10-03T04:11:02.5125025Z [36;1m    'tests/test_fv_minmod_local_path_probe.py::test_completed_direction_resume_validates_without_repeating_reanalysis' \[0m
Python 3.12.14 CPU · 7 registered cases	Run the seven registered Linux cases	2026-10-03T04:11:02.5125662Z [36;1m  2>&1 | tee "$RUNNER_TEMP/targeted-linux-pytest.log"[0m
Python 3.12.14 CPU · 7 registered cases	Run the seven registered Linux cases	2026-10-03T04:11:02.5191266Z shell: /usr/bin/bash -e {0}
Python 3.12.14 CPU · 7 registered cases	Run the seven registered Linux cases	2026-10-03T04:11:02.5191531Z env:
Python 3.12.14 CPU · 7 registered cases	Run the seven registered Linux cases	2026-10-03T04:11:02.5191799Z   pythonLocation: /opt/hostedtoolcache/Python/3.12.14/x64
Python 3.12.14 CPU · 7 registered cases	Run the seven registered Linux cases	2026-10-03T04:11:02.5192240Z   PKG_CONFIG_PATH: /opt/hostedtoolcache/Python/3.12.14/x64/lib/pkgconfig
Python 3.12.14 CPU · 7 registered cases	Run the seven registered Linux cases	2026-10-03T04:11:02.5192666Z   Python_ROOT_DIR: /opt/hostedtoolcache/Python/3.12.14/x64
Python 3.12.14 CPU · 7 registered cases	Run the seven registered Linux cases	2026-10-03T04:11:02.5193052Z   Python2_ROOT_DIR: /opt/hostedtoolcache/Python/3.12.14/x64
Python 3.12.14 CPU · 7 registered cases	Run the seven registered Linux cases	2026-10-03T04:11:02.5193448Z   Python3_ROOT_DIR: /opt/hostedtoolcache/Python/3.12.14/x64
Python 3.12.14 CPU · 7 registered cases	Run the seven registered Linux cases	2026-10-03T04:11:02.5193840Z   LD_LIBRARY_PATH: /opt/hostedtoolcache/Python/3.12.14/x64/lib
Python 3.12.14 CPU · 7 registered cases	Run the seven registered Linux cases	2026-10-03T04:11:02.5194164Z   OMP_NUM_THREADS: 1
Python 3.12.14 CPU · 7 registered cases	Run the seven registered Linux cases	2026-10-03T04:11:02.5194370Z   MKL_NUM_THREADS: 1
Python 3.12.14 CPU · 7 registered cases	Run the seven registered Linux cases	2026-10-03T04:11:02.5194570Z ##[endgroup]
Python 3.12.14 CPU · 7 registered cases	Run the seven registered Linux cases	2026-10-03T04:11:04.9297747Z ERROR: not found: /home/runner/work/AD4DVAR-radar/AD4DVAR-radar/tests/test_fv_concurrent_response.py::test_case_archives_direction_branch_and_nominal_gradient
Python 3.12.14 CPU · 7 registered cases	Run the seven registered Linux cases	2026-10-03T04:11:04.9299856Z (no match in any of [<Module test_fv_concurrent_response.py>])
Python 3.12.14 CPU · 7 registered cases	Run the seven registered Linux cases	2026-10-03T04:11:04.9300259Z 
Python 3.12.14 CPU · 7 registered cases	Run the seven registered Linux cases	2026-10-03T04:11:04.9300265Z 
Python 3.12.14 CPU · 7 registered cases	Run the seven registered Linux cases	2026-10-03T04:11:04.9300378Z no tests ran in 1.94s
Python 3.12.14 CPU · 7 registered cases	Run the seven registered Linux cases	2026-10-03T04:11:05.3564491Z ##[error]Process completed with exit code 4.
Python 3.12.14 CPU · 7 registered cases	Preserve targeted run evidence	﻿2026-10-03T04:11:05.3660221Z ##[group]Run actions/upload-artifact@043fb46d1a93c77aae656e7c1c64a875d1fc6a0a
Python 3.12.14 CPU · 7 registered cases	Preserve targeted run evidence	2026-10-03T04:11:05.3660689Z with:
Python 3.12.14 CPU · 7 registered cases	Preserve targeted run evidence	2026-10-03T04:11:05.3661011Z   name: targeted-linux-repair-0238b78fd886806eda5402117d97ed7b9a24b548
Python 3.12.14 CPU · 7 registered cases	Preserve targeted run evidence	2026-10-03T04:11:05.3661853Z   path: /home/runner/work/_temp/targeted-linux-provenance.txt
Python 3.12.14 CPU · 7 registered cases	Preserve targeted run evidence	/home/runner/work/_temp/targeted-linux-pytest.log
Python 3.12.14 CPU · 7 registered cases	Preserve targeted run evidence	/home/runner/work/_temp/targeted-linux-results.xml
Python 3.12.14 CPU · 7 registered cases	Preserve targeted run evidence	
Python 3.12.14 CPU · 7 registered cases	Preserve targeted run evidence	2026-10-03T04:11:05.3662574Z   if-no-files-found: error
Python 3.12.14 CPU · 7 registered cases	Preserve targeted run evidence	2026-10-03T04:11:05.3662808Z   retention-days: 7
Python 3.12.14 CPU · 7 registered cases	Preserve targeted run evidence	2026-10-03T04:11:05.3663018Z   compression-level: 6
Python 3.12.14 CPU · 7 registered cases	Preserve targeted run evidence	2026-10-03T04:11:05.3663239Z   overwrite: false
Python 3.12.14 CPU · 7 registered cases	Preserve targeted run evidence	2026-10-03T04:11:05.3663451Z   include-hidden-files: false
Python 3.12.14 CPU · 7 registered cases	Preserve targeted run evidence	2026-10-03T04:11:05.3663703Z   archive: true
Python 3.12.14 CPU · 7 registered cases	Preserve targeted run evidence	2026-10-03T04:11:05.3663893Z env:
Python 3.12.14 CPU · 7 registered cases	Preserve targeted run evidence	2026-10-03T04:11:05.3664144Z   pythonLocation: /opt/hostedtoolcache/Python/3.12.14/x64
Python 3.12.14 CPU · 7 registered cases	Preserve targeted run evidence	2026-10-03T04:11:05.3664571Z   PKG_CONFIG_PATH: /opt/hostedtoolcache/Python/3.12.14/x64/lib/pkgconfig
Python 3.12.14 CPU · 7 registered cases	Preserve targeted run evidence	2026-10-03T04:11:05.3664987Z   Python_ROOT_DIR: /opt/hostedtoolcache/Python/3.12.14/x64
Python 3.12.14 CPU · 7 registered cases	Preserve targeted run evidence	2026-10-03T04:11:05.3665403Z   Python2_ROOT_DIR: /opt/hostedtoolcache/Python/3.12.14/x64
Python 3.12.14 CPU · 7 registered cases	Preserve targeted run evidence	2026-10-03T04:11:05.3665837Z   Python3_ROOT_DIR: /opt/hostedtoolcache/Python/3.12.14/x64
Python 3.12.14 CPU · 7 registered cases	Preserve targeted run evidence	2026-10-03T04:11:05.3666218Z   LD_LIBRARY_PATH: /opt/hostedtoolcache/Python/3.12.14/x64/lib
Python 3.12.14 CPU · 7 registered cases	Preserve targeted run evidence	2026-10-03T04:11:05.3666534Z ##[endgroup]
Python 3.12.14 CPU · 7 registered cases	Preserve targeted run evidence	2026-10-03T04:11:05.5232377Z Multiple search paths detected. Calculating the least common ancestor of all paths
Python 3.12.14 CPU · 7 registered cases	Preserve targeted run evidence	2026-10-03T04:11:05.5234406Z The least common ancestor is /home/runner/work/_temp. This will be the root directory of the artifact
Python 3.12.14 CPU · 7 registered cases	Preserve targeted run evidence	2026-10-03T04:11:05.5237487Z With the provided path, there will be 3 files uploaded
Python 3.12.14 CPU · 7 registered cases	Preserve targeted run evidence	2026-10-03T04:11:05.5238395Z Artifact name is valid!
Python 3.12.14 CPU · 7 registered cases	Preserve targeted run evidence	2026-10-03T04:11:05.5238936Z Root directory input is valid!
Python 3.12.14 CPU · 7 registered cases	Preserve targeted run evidence	2026-10-03T04:11:05.8995291Z Uploading artifact: targeted-linux-repair-0238b78fd886806eda5402117d97ed7b9a24b548.zip
Python 3.12.14 CPU · 7 registered cases	Preserve targeted run evidence	2026-10-03T04:11:05.9041689Z Beginning upload of artifact content to blob storage
Python 3.12.14 CPU · 7 registered cases	Preserve targeted run evidence	2026-10-03T04:11:06.2044164Z Uploaded bytes 1537
Python 3.12.14 CPU · 7 registered cases	Preserve targeted run evidence	2026-10-03T04:11:06.2758095Z Finished uploading artifact content to blob storage!
Python 3.12.14 CPU · 7 registered cases	Preserve targeted run evidence	2026-10-03T04:11:06.2759224Z SHA256 digest of uploaded artifact is 299ce533010c665aee60ea47b6ffa81168cbc43ef364b531f75c9f4e980ae18b
Python 3.12.14 CPU · 7 registered cases	Preserve targeted run evidence	2026-10-03T04:11:06.2760394Z Finalizing artifact upload
Python 3.12.14 CPU · 7 registered cases	Preserve targeted run evidence	2026-10-03T04:11:06.6826593Z Artifact targeted-linux-repair-0238b78fd886806eda5402117d97ed7b9a24b548 successfully finalized. Artifact ID 11264446241
Python 3.12.14 CPU · 7 registered cases	Preserve targeted run evidence	2026-10-03T04:11:06.6828599Z Artifact targeted-linux-repair-0238b78fd886806eda5402117d97ed7b9a24b548 has been successfully uploaded! Final size is 1537 bytes. Artifact ID is 11264446241
Python 3.12.14 CPU · 7 registered cases	Preserve targeted run evidence	2026-10-03T04:11:06.6830902Z Artifact download URL: https://github.com/gonos2k/AD4DVAR-radar/actions/runs/37095628674/artifacts/11264446241
Python 3.12.14 CPU · 7 registered cases	Post Check out source	﻿2026-10-03T04:11:06.7020108Z Post job cleanup.
Python 3.12.14 CPU · 7 registered cases	Post Check out source	2026-10-03T04:11:06.7955482Z [command]/usr/bin/git version
Python 3.12.14 CPU · 7 registered cases	Post Check out source	2026-10-03T04:11:06.8010544Z git version 2.55.0
Python 3.12.14 CPU · 7 registered cases	Post Check out source	2026-10-03T04:11:06.8070934Z Temporarily overriding HOME='/home/runner/work/_temp/9820e986-2997-47ab-a052-4d5c8e88fe1b' before making global git config changes
Python 3.12.14 CPU · 7 registered cases	Post Check out source	2026-10-03T04:11:06.8080432Z Adding repository directory to the temporary git global config as a safe directory
Python 3.12.14 CPU · 7 registered cases	Post Check out source	2026-10-03T04:11:06.8100902Z [command]/usr/bin/git config --global --add safe.directory /home/runner/work/AD4DVAR-radar/AD4DVAR-radar
Python 3.12.14 CPU · 7 registered cases	Post Check out source	2026-10-03T04:11:06.8113777Z Removing SSH command configuration
Python 3.12.14 CPU · 7 registered cases	Post Check out source	2026-10-03T04:11:06.8122399Z [command]/usr/bin/git config --local --name-only --get-regexp core\.sshCommand
Python 3.12.14 CPU · 7 registered cases	Post Check out source	2026-10-03T04:11:06.8166111Z [command]/usr/bin/git submodule foreach --recursive sh -c "git config --local --name-only --get-regexp 'core\.sshCommand' && git config --local --unset-all 'core.sshCommand' || :"
Python 3.12.14 CPU · 7 registered cases	Post Check out source	2026-10-03T04:11:06.8443296Z Removing HTTP extra header
Python 3.12.14 CPU · 7 registered cases	Post Check out source	2026-10-03T04:11:06.8450930Z [command]/usr/bin/git config --local --name-only --get-regexp http\.https\:\/\/github\.com\/\.extraheader
Python 3.12.14 CPU · 7 registered cases	Post Check out source	2026-10-03T04:11:06.8496608Z [command]/usr/bin/git submodule foreach --recursive sh -c "git config --local --name-only --get-regexp 'http\.https\:\/\/github\.com\/\.extraheader' && git config --local --unset-all 'http.https://github.com/.extraheader' || :"
Python 3.12.14 CPU · 7 registered cases	Post Check out source	2026-10-03T04:11:06.8800761Z Removing includeIf entries pointing to credentials config files
Python 3.12.14 CPU · 7 registered cases	Post Check out source	2026-10-03T04:11:06.8801863Z [command]/usr/bin/git config --local --name-only --get-regexp ^includeIf\.gitdir:
Python 3.12.14 CPU · 7 registered cases	Post Check out source	2026-10-03T04:11:06.8830273Z includeif.gitdir:/home/runner/work/AD4DVAR-radar/AD4DVAR-radar/.git.path
Python 3.12.14 CPU · 7 registered cases	Post Check out source	2026-10-03T04:11:06.8831364Z includeif.gitdir:/home/runner/work/AD4DVAR-radar/AD4DVAR-radar/.git/worktrees/*.path
Python 3.12.14 CPU · 7 registered cases	Post Check out source	2026-10-03T04:11:06.8832282Z includeif.gitdir:/github/workspace/.git.path
Python 3.12.14 CPU · 7 registered cases	Post Check out source	2026-10-03T04:11:06.8832981Z includeif.gitdir:/github/workspace/.git/worktrees/*.path
Python 3.12.14 CPU · 7 registered cases	Post Check out source	2026-10-03T04:11:06.8840566Z [command]/usr/bin/git config --local --get-all includeif.gitdir:/home/runner/work/AD4DVAR-radar/AD4DVAR-radar/.git.path
Python 3.12.14 CPU · 7 registered cases	Post Check out source	2026-10-03T04:11:06.8873032Z /home/runner/work/_temp/git-credentials-c0e879c0-784b-49f9-aa3e-8c476264796b.config
Python 3.12.14 CPU · 7 registered cases	Post Check out source	2026-10-03T04:11:06.8885456Z [command]/usr/bin/git config --local --unset includeif.gitdir:/home/runner/work/AD4DVAR-radar/AD4DVAR-radar/.git.path \/home\/runner\/work\/_temp\/git\-credentials\-c0e879c0\-784b\-49f9\-aa3e\-8c476264796b\.config
Python 3.12.14 CPU · 7 registered cases	Post Check out source	2026-10-03T04:11:06.8940016Z [command]/usr/bin/git config --local --get-all includeif.gitdir:/home/runner/work/AD4DVAR-radar/AD4DVAR-radar/.git/worktrees/*.path
Python 3.12.14 CPU · 7 registered cases	Post Check out source	2026-10-03T04:11:06.8975229Z /home/runner/work/_temp/git-credentials-c0e879c0-784b-49f9-aa3e-8c476264796b.config
Python 3.12.14 CPU · 7 registered cases	Post Check out source	2026-10-03T04:11:06.8994570Z [command]/usr/bin/git config --local --unset includeif.gitdir:/home/runner/work/AD4DVAR-radar/AD4DVAR-radar/.git/worktrees/*.path \/home\/runner\/work\/_temp\/git\-credentials\-c0e879c0\-784b\-49f9\-aa3e\-8c476264796b\.config
Python 3.12.14 CPU · 7 registered cases	Post Check out source	2026-10-03T04:11:06.9045333Z [command]/usr/bin/git config --local --get-all includeif.gitdir:/github/workspace/.git.path
Python 3.12.14 CPU · 7 registered cases	Post Check out source	2026-10-03T04:11:06.9083518Z /github/runner_temp/git-credentials-c0e879c0-784b-49f9-aa3e-8c476264796b.config
Python 3.12.14 CPU · 7 registered cases	Post Check out source	2026-10-03T04:11:06.9101161Z [command]/usr/bin/git config --local --unset includeif.gitdir:/github/workspace/.git.path \/github\/runner_temp\/git\-credentials\-c0e879c0\-784b\-49f9\-aa3e\-8c476264796b\.config
Python 3.12.14 CPU · 7 registered cases	Post Check out source	2026-10-03T04:11:06.9155632Z [command]/usr/bin/git config --local --get-all includeif.gitdir:/github/workspace/.git/worktrees/*.path
Python 3.12.14 CPU · 7 registered cases	Post Check out source	2026-10-03T04:11:06.9191654Z /github/runner_temp/git-credentials-c0e879c0-784b-49f9-aa3e-8c476264796b.config
Python 3.12.14 CPU · 7 registered cases	Post Check out source	2026-10-03T04:11:06.9204419Z [command]/usr/bin/git config --local --unset includeif.gitdir:/github/workspace/.git/worktrees/*.path \/github\/runner_temp\/git\-credentials\-c0e879c0\-784b\-49f9\-aa3e\-8c476264796b\.config
Python 3.12.14 CPU · 7 registered cases	Post Check out source	2026-10-03T04:11:06.9258481Z [command]/usr/bin/git submodule foreach --recursive git config --local --show-origin --name-only --get-regexp remote.origin.url
Python 3.12.14 CPU · 7 registered cases	Post Check out source	2026-10-03T04:11:06.9531706Z Removing credentials config '/home/runner/work/_temp/git-credentials-c0e879c0-784b-49f9-aa3e-8c476264796b.config'
Python 3.12.14 CPU · 7 registered cases	Complete job	﻿2026-10-03T04:11:06.9689781Z Cleaning up orphan processes
