/Users/yhlee/ADVAR/examples/weather_scenarios/fv_partial_schur_probe.py
  /Users/yhlee/ADVAR/examples/weather_scenarios/fv_partial_schur_probe.py:12:8 - error: Import "torch" could not be resolved (reportMissingImports)
  /Users/yhlee/ADVAR/examples/weather_scenarios/fv_partial_schur_probe.py:13:6 - error: Import "torch" could not be resolved (reportMissingImports)
  /Users/yhlee/ADVAR/examples/weather_scenarios/fv_partial_schur_probe.py:238:22 - error: Cannot access attribute "tolist" for class "float"
    Attribute "tolist" is unknown (reportAttributeAccessIssue)
/Users/yhlee/ADVAR/examples/weather_scenarios/fv_point_3h_accepted_endpoint_audit.py
  /Users/yhlee/ADVAR/examples/weather_scenarios/fv_point_3h_accepted_endpoint_audit.py:13:8 - error: Import "torch" could not be resolved (reportMissingImports)
  /Users/yhlee/ADVAR/examples/weather_scenarios/fv_point_3h_accepted_endpoint_audit.py:14:6 - error: Import "torch" could not be resolved (reportMissingImports)
/Users/yhlee/ADVAR/examples/weather_scenarios/fv_point_3h_field_continuation.py
  /Users/yhlee/ADVAR/examples/weather_scenarios/fv_point_3h_field_continuation.py:8:8 - error: Import "torch" could not be resolved (reportMissingImports)
  /Users/yhlee/ADVAR/examples/weather_scenarios/fv_point_3h_field_continuation.py:9:6 - error: Import "torch" could not be resolved (reportMissingImports)
/Users/yhlee/ADVAR/examples/weather_scenarios/fv_point_3h_field_precision_continuation.py
  /Users/yhlee/ADVAR/examples/weather_scenarios/fv_point_3h_field_precision_continuation.py:8:8 - error: Import "torch" could not be resolved (reportMissingImports)
  /Users/yhlee/ADVAR/examples/weather_scenarios/fv_point_3h_field_precision_continuation.py:9:6 - error: Import "torch" could not be resolved (reportMissingImports)
/Users/yhlee/ADVAR/examples/weather_scenarios/fv_point_3h_field_refinement.py
  /Users/yhlee/ADVAR/examples/weather_scenarios/fv_point_3h_field_refinement.py:8:8 - error: Import "torch" could not be resolved (reportMissingImports)
  /Users/yhlee/ADVAR/examples/weather_scenarios/fv_point_3h_field_refinement.py:9:6 - error: Import "torch" could not be resolved (reportMissingImports)
/Users/yhlee/ADVAR/examples/weather_scenarios/fv_point_3h_schur_newton_step.py
  /Users/yhlee/ADVAR/examples/weather_scenarios/fv_point_3h_schur_newton_step.py:8:8 - error: Import "torch" could not be resolved (reportMissingImports)
  /Users/yhlee/ADVAR/examples/weather_scenarios/fv_point_3h_schur_newton_step.py:9:6 - error: Import "torch" could not be resolved (reportMissingImports)
/Users/yhlee/ADVAR/examples/weather_scenarios/fv_point_3h_terminal_block_schur.py
  /Users/yhlee/ADVAR/examples/weather_scenarios/fv_point_3h_terminal_block_schur.py:14:8 - error: Import "torch" could not be resolved (reportMissingImports)
  /Users/yhlee/ADVAR/examples/weather_scenarios/fv_point_3h_terminal_block_schur.py:15:6 - error: Import "torch" could not be resolved (reportMissingImports)
/Users/yhlee/ADVAR/examples/weather_scenarios/fv_point_paired_face_binding.py
  /Users/yhlee/ADVAR/examples/weather_scenarios/fv_point_paired_face_binding.py:7:8 - error: Import "torch" could not be resolved (reportMissingImports)
  /Users/yhlee/ADVAR/examples/weather_scenarios/fv_point_paired_face_binding.py:8:6 - error: Import "torch" could not be resolved (reportMissingImports)
/Users/yhlee/ADVAR/examples/weather_scenarios/fv_point_paired_face_normal_probe.py
  /Users/yhlee/ADVAR/examples/weather_scenarios/fv_point_paired_face_normal_probe.py:13:8 - error: Import "mpmath" could not be resolved (reportMissingImports)
/Users/yhlee/ADVAR/examples/weather_scenarios/fv_point_paired_face_stationarity.py
  /Users/yhlee/ADVAR/examples/weather_scenarios/fv_point_paired_face_stationarity.py:13:8 - error: Import "torch" could not be resolved (reportMissingImports)
  /Users/yhlee/ADVAR/examples/weather_scenarios/fv_point_paired_face_stationarity.py:14:6 - error: Import "torch" could not be resolved (reportMissingImports)
/Users/yhlee/ADVAR/examples/weather_scenarios/fv_point_qy_release_probe.py
  /Users/yhlee/ADVAR/examples/weather_scenarios/fv_point_qy_release_probe.py:7:8 - error: Import "torch" could not be resolved (reportMissingImports)
  /Users/yhlee/ADVAR/examples/weather_scenarios/fv_point_qy_release_probe.py:8:6 - error: Import "torch" could not be resolved (reportMissingImports)
/Users/yhlee/ADVAR/examples/weather_scenarios/fv_point_single_qx_normal_probe.py
  /Users/yhlee/ADVAR/examples/weather_scenarios/fv_point_single_qx_normal_probe.py:9:8 - error: Import "mpmath" could not be resolved (reportMissingImports)
/Users/yhlee/ADVAR/examples/weather_scenarios/fv_point_single_qx_response_probe.py
  /Users/yhlee/ADVAR/examples/weather_scenarios/fv_point_single_qx_response_probe.py:9:8 - error: Import "mpmath" could not be resolved (reportMissingImports)
  /Users/yhlee/ADVAR/examples/weather_scenarios/fv_point_single_qx_response_probe.py:9:16 - error: Import "torch" could not be resolved (reportMissingImports)
  /Users/yhlee/ADVAR/examples/weather_scenarios/fv_point_single_qx_response_probe.py:10:6 - error: Import "torch" could not be resolved (reportMissingImports)
/Users/yhlee/ADVAR/tests/test_fv_partial_schur_probe.py
  /Users/yhlee/ADVAR/tests/test_fv_partial_schur_probe.py:2:8 - error: Import "pytest" could not be resolved (reportMissingImports)
  /Users/yhlee/ADVAR/tests/test_fv_partial_schur_probe.py:3:8 - error: Import "torch" could not be resolved (reportMissingImports)
  /Users/yhlee/ADVAR/tests/test_fv_partial_schur_probe.py:38:54 - error: "__getitem__" method not defined on type "float" (reportIndexIssue)
  /Users/yhlee/ADVAR/tests/test_fv_partial_schur_probe.py:68:12 - error: "__getitem__" method not defined on type "float" (reportIndexIssue)
/Users/yhlee/ADVAR/tests/test_fv_point_3h_accepted_endpoint_audit.py
  /Users/yhlee/ADVAR/tests/test_fv_point_3h_accepted_endpoint_audit.py:7:8 - error: Import "pytest" could not be resolved (reportMissingImports)
/Users/yhlee/ADVAR/tests/test_fv_point_3h_field_continuation.py
  /Users/yhlee/ADVAR/tests/test_fv_point_3h_field_continuation.py:6:8 - error: Import "pytest" could not be resolved (reportMissingImports)
  /Users/yhlee/ADVAR/tests/test_fv_point_3h_field_continuation.py:7:8 - error: Import "torch" could not be resolved (reportMissingImports)
/Users/yhlee/ADVAR/tests/test_fv_point_3h_field_precision_continuation.py
  /Users/yhlee/ADVAR/tests/test_fv_point_3h_field_precision_continuation.py:6:8 - error: Import "pytest" could not be resolved (reportMissingImports)
  /Users/yhlee/ADVAR/tests/test_fv_point_3h_field_precision_continuation.py:7:8 - error: Import "torch" could not be resolved (reportMissingImports)
/Users/yhlee/ADVAR/tests/test_fv_point_3h_field_refinement.py
  /Users/yhlee/ADVAR/tests/test_fv_point_3h_field_refinement.py:6:8 - error: Import "pytest" could not be resolved (reportMissingImports)
  /Users/yhlee/ADVAR/tests/test_fv_point_3h_field_refinement.py:7:8 - error: Import "torch" could not be resolved (reportMissingImports)
/Users/yhlee/ADVAR/tests/test_fv_point_3h_schur_newton_step.py
  /Users/yhlee/ADVAR/tests/test_fv_point_3h_schur_newton_step.py:5:8 - error: Import "pytest" could not be resolved (reportMissingImports)
  /Users/yhlee/ADVAR/tests/test_fv_point_3h_schur_newton_step.py:6:8 - error: Import "torch" could not be resolved (reportMissingImports)
/Users/yhlee/ADVAR/tests/test_fv_point_3h_terminal_block_schur.py
  /Users/yhlee/ADVAR/tests/test_fv_point_3h_terminal_block_schur.py:5:8 - error: Import "pytest" could not be resolved (reportMissingImports)
  /Users/yhlee/ADVAR/tests/test_fv_point_3h_terminal_block_schur.py:6:8 - error: Import "torch" could not be resolved (reportMissingImports)
/Users/yhlee/ADVAR/tests/test_fv_point_paired_face_binding.py
  /Users/yhlee/ADVAR/tests/test_fv_point_paired_face_binding.py:5:8 - error: Import "pytest" could not be resolved (reportMissingImports)
  /Users/yhlee/ADVAR/tests/test_fv_point_paired_face_binding.py:6:8 - error: Import "torch" could not be resolved (reportMissingImports)
/Users/yhlee/ADVAR/tests/test_fv_point_paired_face_normal_probe.py
  /Users/yhlee/ADVAR/tests/test_fv_point_paired_face_normal_probe.py:5:8 - error: Import "pytest" could not be resolved (reportMissingImports)
/Users/yhlee/ADVAR/tests/test_fv_point_paired_face_normal_reference.py
  /Users/yhlee/ADVAR/tests/test_fv_point_paired_face_normal_reference.py:4:8 - error: Import "pytest" could not be resolved (reportMissingImports)
  /Users/yhlee/ADVAR/tests/test_fv_point_paired_face_normal_reference.py:59:10 - error: Import "mpmath" could not be resolved (reportMissingImports)
  /Users/yhlee/ADVAR/tests/test_fv_point_paired_face_normal_reference.py:76:10 - error: Import "mpmath" could not be resolved (reportMissingImports)
  /Users/yhlee/ADVAR/tests/test_fv_point_paired_face_normal_reference.py:97:10 - error: Import "mpmath" could not be resolved (reportMissingImports)
  /Users/yhlee/ADVAR/tests/test_fv_point_paired_face_normal_reference.py:122:10 - error: Import "mpmath" could not be resolved (reportMissingImports)
  /Users/yhlee/ADVAR/tests/test_fv_point_paired_face_normal_reference.py:137:10 - error: Import "mpmath" could not be resolved (reportMissingImports)
/Users/yhlee/ADVAR/tests/test_fv_point_paired_face_stationarity.py
  /Users/yhlee/ADVAR/tests/test_fv_point_paired_face_stationarity.py:2:8 - error: Import "pytest" could not be resolved (reportMissingImports)
  /Users/yhlee/ADVAR/tests/test_fv_point_paired_face_stationarity.py:3:8 - error: Import "torch" could not be resolved (reportMissingImports)
/Users/yhlee/ADVAR/tests/test_fv_point_qy_release_probe.py
  /Users/yhlee/ADVAR/tests/test_fv_point_qy_release_probe.py:5:8 - error: Import "pytest" could not be resolved (reportMissingImports)
  /Users/yhlee/ADVAR/tests/test_fv_point_qy_release_probe.py:6:8 - error: Import "torch" could not be resolved (reportMissingImports)
/Users/yhlee/ADVAR/tests/test_fv_point_single_face_normal_reference.py
  /Users/yhlee/ADVAR/tests/test_fv_point_single_face_normal_reference.py:5:8 - error: Import "pytest" could not be resolved (reportMissingImports)
  /Users/yhlee/ADVAR/tests/test_fv_point_single_face_normal_reference.py:45:10 - error: Import "mpmath" could not be resolved (reportMissingImports)
  /Users/yhlee/ADVAR/tests/test_fv_point_single_face_normal_reference.py:78:10 - error: Import "mpmath" could not be resolved (reportMissingImports)
  /Users/yhlee/ADVAR/tests/test_fv_point_single_face_normal_reference.py:96:10 - error: Import "mpmath" could not be resolved (reportMissingImports)
/Users/yhlee/ADVAR/tests/test_fv_point_single_qx_normal_probe.py
  /Users/yhlee/ADVAR/tests/test_fv_point_single_qx_normal_probe.py:4:8 - error: Import "pytest" could not be resolved (reportMissingImports)
/Users/yhlee/ADVAR/tests/test_fv_point_single_qx_response_probe.py
  /Users/yhlee/ADVAR/tests/test_fv_point_single_qx_response_probe.py:4:8 - error: Import "torch" could not be resolved (reportMissingImports)
  /Users/yhlee/ADVAR/tests/test_fv_point_single_qx_response_probe.py:7:8 - error: Import "pytest" could not be resolved (reportMissingImports)
61 errors, 0 warnings, 0 notes
